../Core/Src/main.c:83:5:main	32	static,ignoring_inline_asm
../Core/Src/main.c:182:6:SystemClock_Config	120	static
../Core/Src/main.c:244:6:PeriphCommonClock_Config	208	static
../Core/Src/main.c:263:13:MX_I2C1_Init	8	static
../Core/Src/main.c:311:13:MX_I2C2_Init	8	static
../Core/Src/main.c:359:13:MX_I2C4_Init	8	static
../Core/Src/main.c:407:13:MX_SPI2_Init	8	static
../Core/Src/main.c:455:13:MX_SPI5_Init	8	static
../Core/Src/main.c:503:13:MX_GPIO_Init	48	static
../Core/Src/main.c:537:6:MPU_Config	24	static
../Core/Src/main.c:568:6:Error_Handler	4	static,ignoring_inline_asm
