Archive member included to satisfy reference by file (symbol)

D:/STM32CubeIDE_1.16.0/STM32CubeIDE/plugins/com.st.stm32cube.ide.mcu.externaltools.gnu-tools-for-stm32.13.3.rel1.win32_1.0.0.202411081344/tools/bin/../lib/gcc/arm-none-eabi/13.3.1/../../../../arm-none-eabi/lib/thumb/v7e-m+dp/hard\libc_nano.a(libc_a-exit.o)
                              D:/STM32CubeIDE_1.16.0/STM32CubeIDE/plugins/com.st.stm32cube.ide.mcu.externaltools.gnu-tools-for-stm32.13.3.rel1.win32_1.0.0.202411081344/tools/bin/../lib/gcc/arm-none-eabi/13.3.1/../../../../arm-none-eabi/lib/thumb/v7e-m+dp/hard/crt0.o (exit)
D:/STM32CubeIDE_1.16.0/STM32CubeIDE/plugins/com.st.stm32cube.ide.mcu.externaltools.gnu-tools-for-stm32.13.3.rel1.win32_1.0.0.202411081344/tools/bin/../lib/gcc/arm-none-eabi/13.3.1/../../../../arm-none-eabi/lib/thumb/v7e-m+dp/hard\libc_nano.a(libc_a-nano-vfprintf_float.o)
                              (_printf_float)
D:/STM32CubeIDE_1.16.0/STM32CubeIDE/plugins/com.st.stm32cube.ide.mcu.externaltools.gnu-tools-for-stm32.13.3.rel1.win32_1.0.0.202411081344/tools/bin/../lib/gcc/arm-none-eabi/13.3.1/../../../../arm-none-eabi/lib/thumb/v7e-m+dp/hard\libc_nano.a(libc_a-nano-vfprintf_i.o)
                              D:/STM32CubeIDE_1.16.0/STM32CubeIDE/plugins/com.st.stm32cube.ide.mcu.externaltools.gnu-tools-for-stm32.13.3.rel1.win32_1.0.0.202411081344/tools/bin/../lib/gcc/arm-none-eabi/13.3.1/../../../../arm-none-eabi/lib/thumb/v7e-m+dp/hard\libc_nano.a(libc_a-nano-vfprintf_float.o) (_printf_common)
D:/STM32CubeIDE_1.16.0/STM32CubeIDE/plugins/com.st.stm32cube.ide.mcu.externaltools.gnu-tools-for-stm32.13.3.rel1.win32_1.0.0.202411081344/tools/bin/../lib/gcc/arm-none-eabi/13.3.1/../../../../arm-none-eabi/lib/thumb/v7e-m+dp/hard\libc_nano.a(libc_a-findfp.o)
                              D:/STM32CubeIDE_1.16.0/STM32CubeIDE/plugins/com.st.stm32cube.ide.mcu.externaltools.gnu-tools-for-stm32.13.3.rel1.win32_1.0.0.202411081344/tools/bin/../lib/gcc/arm-none-eabi/13.3.1/../../../../arm-none-eabi/lib/thumb/v7e-m+dp/hard\libc_nano.a(libc_a-exit.o) (__stdio_exit_handler)
D:/STM32CubeIDE_1.16.0/STM32CubeIDE/plugins/com.st.stm32cube.ide.mcu.externaltools.gnu-tools-for-stm32.13.3.rel1.win32_1.0.0.202411081344/tools/bin/../lib/gcc/arm-none-eabi/13.3.1/../../../../arm-none-eabi/lib/thumb/v7e-m+dp/hard\libc_nano.a(libc_a-fwalk.o)
                              D:/STM32CubeIDE_1.16.0/STM32CubeIDE/plugins/com.st.stm32cube.ide.mcu.externaltools.gnu-tools-for-stm32.13.3.rel1.win32_1.0.0.202411081344/tools/bin/../lib/gcc/arm-none-eabi/13.3.1/../../../../arm-none-eabi/lib/thumb/v7e-m+dp/hard\libc_nano.a(libc_a-findfp.o) (_fwalk_sglue)
D:/STM32CubeIDE_1.16.0/STM32CubeIDE/plugins/com.st.stm32cube.ide.mcu.externaltools.gnu-tools-for-stm32.13.3.rel1.win32_1.0.0.202411081344/tools/bin/../lib/gcc/arm-none-eabi/13.3.1/../../../../arm-none-eabi/lib/thumb/v7e-m+dp/hard\libc_nano.a(libc_a-snprintf.o)
                              ./Core/Src/M7_Configuartion.o (snprintf)
D:/STM32CubeIDE_1.16.0/STM32CubeIDE/plugins/com.st.stm32cube.ide.mcu.externaltools.gnu-tools-for-stm32.13.3.rel1.win32_1.0.0.202411081344/tools/bin/../lib/gcc/arm-none-eabi/13.3.1/../../../../arm-none-eabi/lib/thumb/v7e-m+dp/hard\libc_nano.a(libc_a-stdio.o)
                              D:/STM32CubeIDE_1.16.0/STM32CubeIDE/plugins/com.st.stm32cube.ide.mcu.externaltools.gnu-tools-for-stm32.13.3.rel1.win32_1.0.0.202411081344/tools/bin/../lib/gcc/arm-none-eabi/13.3.1/../../../../arm-none-eabi/lib/thumb/v7e-m+dp/hard\libc_nano.a(libc_a-findfp.o) (__sread)
D:/STM32CubeIDE_1.16.0/STM32CubeIDE/plugins/com.st.stm32cube.ide.mcu.externaltools.gnu-tools-for-stm32.13.3.rel1.win32_1.0.0.202411081344/tools/bin/../lib/gcc/arm-none-eabi/13.3.1/../../../../arm-none-eabi/lib/thumb/v7e-m+dp/hard\libc_nano.a(libc_a-vsnprintf.o)
                              ./Core/Src/M7_Serial.o (vsnprintf)
D:/STM32CubeIDE_1.16.0/STM32CubeIDE/plugins/com.st.stm32cube.ide.mcu.externaltools.gnu-tools-for-stm32.13.3.rel1.win32_1.0.0.202411081344/tools/bin/../lib/gcc/arm-none-eabi/13.3.1/../../../../arm-none-eabi/lib/thumb/v7e-m+dp/hard\libc_nano.a(libc_a-memset.o)
                              D:/STM32CubeIDE_1.16.0/STM32CubeIDE/plugins/com.st.stm32cube.ide.mcu.externaltools.gnu-tools-for-stm32.13.3.rel1.win32_1.0.0.202411081344/tools/bin/../lib/gcc/arm-none-eabi/13.3.1/../../../../arm-none-eabi/lib/thumb/v7e-m+dp/hard/crt0.o (memset)
D:/STM32CubeIDE_1.16.0/STM32CubeIDE/plugins/com.st.stm32cube.ide.mcu.externaltools.gnu-tools-for-stm32.13.3.rel1.win32_1.0.0.202411081344/tools/bin/../lib/gcc/arm-none-eabi/13.3.1/../../../../arm-none-eabi/lib/thumb/v7e-m+dp/hard\libc_nano.a(libc_a-localeconv.o)
                              D:/STM32CubeIDE_1.16.0/STM32CubeIDE/plugins/com.st.stm32cube.ide.mcu.externaltools.gnu-tools-for-stm32.13.3.rel1.win32_1.0.0.202411081344/tools/bin/../lib/gcc/arm-none-eabi/13.3.1/../../../../arm-none-eabi/lib/thumb/v7e-m+dp/hard\libc_nano.a(libc_a-nano-vfprintf_float.o) (_localeconv_r)
[...]
Memory Configuration

Name             Origin             Length             Attributes
RAM_D1           0x24000000         0x00080000         xrw
FLASH            0x08000000         0x00080000         xr
DTCMRAM          0x20000000         0x00020000         xrw
RAM_D2           0x30000000         0x00048000         xrw
RAM_D3           0x38000000         0x00010000         xrw
ITCMRAM          0x00000000         0x00010000         xrw
*default*        0x00000000         0xffffffff

Linker script and memory map

LOAD D:/STM32CubeIDE_1.16.0/STM32CubeIDE/plugins/com.st.stm32cube.ide.mcu.externaltools.gnu-tools-for-stm32.13.3.rel1.win32_1.0.0.202411081344/tools/bin/../lib/gcc/arm-none-eabi/13.3.1/thumb/v7e-m+dp/hard/crti.o
LOAD D:/STM32CubeIDE_1.16.0/STM32CubeIDE/plugins/com.st.stm32cube.ide.mcu.externaltools.gnu-tools-for-stm32.13.3.rel1.win32_1.0.0.202411081344/tools/bin/../lib/gcc/arm-none-eabi/13.3.1/thumb/v7e-m+dp/hard/crtbegin.o
LOAD D:/STM32CubeIDE_1.16.0/STM32CubeIDE/plugins/com.st.stm32cube.ide.mcu.externaltools.gnu-tools-for-stm32.13.3.rel1.win32_1.0.0.202411081344/tools/bin/../lib/gcc/arm-none-eabi/13.3.1/../../../../arm-none-eabi/lib/thumb/v7e-m+dp/hard/crt0.o
LOAD ./Common/Src/system_stm32h7xx_dualcore_boot_cm4_cm7.o
LOAD ./Core/Src/M7_CDC_User.o
LOAD ./Core/Src/M7_Configuartion.o
LOAD ./Core/Src/M7_Digital_Write.o
LOAD ./Core/Src/M7_LED.o
LOAD ./Core/Src/M7_Retarget.o
LOAD ./Core/Src/M7_Serial.o
LOAD ./Core/Src/M7_Shared.o
LOAD ./Core/Src/M7_Sketch.o
LOAD ./Core/Src/main.o
LOAD ./Core/Src/stm32h7xx_hal_msp.o
LOAD ./Core/Src/stm32h7xx_it.o
LOAD ./Core/Src/syscalls.o
LOAD ./Core/Src/sysmem.o
LOAD ./Core/Startup/startup_stm32h747igtx.o
LOAD ./Drivers/STM32H7xx_HAL_Driver/stm32h7xx_hal.o
LOAD ./Drivers/STM32H7xx_HAL_Driver/stm32h7xx_hal_cortex.o
LOAD ./Drivers/STM32H7xx_HAL_Driver/stm32h7xx_hal_dma.o
LOAD ./Drivers/STM32H7xx_HAL_Driver/stm32h7xx_hal_dma_ex.o
LOAD ./Drivers/STM32H7xx_HAL_Driver/stm32h7xx_hal_exti.o
LOAD ./Drivers/STM32H7xx_HAL_Driver/stm32h7xx_hal_flash.o
LOAD ./Drivers/STM32H7xx_HAL_Driver/stm32h7xx_hal_flash_ex.o
LOAD ./Drivers/STM32H7xx_HAL_Driver/stm32h7xx_hal_gpio.o
LOAD ./Drivers/STM32H7xx_HAL_Driver/stm32h7xx_hal_hsem.o
LOAD ./Drivers/STM32H7xx_HAL_Driver/stm32h7xx_hal_i2c.o
LOAD ./Drivers/STM32H7xx_HAL_Driver/stm32h7xx_hal_i2c_ex.o
LOAD ./Drivers/STM32H7xx_HAL_Driver/stm32h7xx_hal_mdma.o
LOAD ./Drivers/STM32H7xx_HAL_Driver/stm32h7xx_hal_pcd.o
LOAD ./Drivers/STM32H7xx_HAL_Driver/stm32h7xx_hal_pcd_ex.o
LOAD ./Drivers/STM32H7xx_HAL_Driver/stm32h7xx_hal_pwr.o
LOAD ./Drivers/STM32H7xx_HAL_Driver/stm32h7xx_hal_pwr_ex.o
LOAD ./Drivers/STM32H7xx_HAL_Driver/stm32h7xx_hal_rcc.o
LOAD ./Drivers/STM32H7xx_HAL_Driver/stm32h7xx_hal_rcc_ex.o
LOAD ./Drivers/STM32H7xx_HAL_Driver/stm32h7xx_hal_spi.o
LOAD ./Drivers/STM32H7xx_HAL_Driver/stm32h7xx_hal_spi_ex.o
LOAD ./Drivers/STM32H7xx_HAL_Driver/stm32h7xx_hal_tim.o
LOAD ./Drivers/STM32H7xx_HAL_Driver/stm32h7xx_hal_tim_ex.o
LOAD ./Drivers/STM32H7xx_HAL_Driver/stm32h7xx_ll_usb.o
LOAD ./Middlewares/ST/STM32_USB_Device_Library/usbd_cdc.o
LOAD ./Middlewares/ST/STM32_USB_Device_Library/usbd_core.o
LOAD ./Middlewares/ST/STM32_USB_Device_Library/usbd_ctlreq.o
LOAD ./Middlewares/ST/STM32_USB_Device_Library/usbd_ioreq.o
LOAD ./USB_DEVICE/App/usb_device.o
LOAD ./USB_DEVICE/App/usbd_cdc_if.o
LOAD ./USB_DEVICE/App/usbd_desc.o
LOAD ./USB_DEVICE/Target/usbd_conf.o
START GROUP
LOAD D:/STM32CubeIDE_1.16.0/STM32CubeIDE/plugins/com.st.stm32cube.ide.mcu.externaltools.gnu-tools-for-stm32.13.3.rel1.win32_1.0.0.202411081344/tools/bin/../lib/gcc/arm-none-eabi/13.3.1/../../../../arm-none-eabi/lib/thumb/v7e-m+dp/hard\libc_nano.a
LOAD D:/STM32CubeIDE_1.16.0/STM32CubeIDE/plugins/com.st.stm32cube.ide.mcu.externaltools.gnu-tools-for-stm32.13.3.rel1.win32_1.0.0.202411081344/tools/bin/../lib/gcc/arm-none-eabi/13.3.1/../../../../arm-none-eabi/lib/thumb/v7e-m+dp/hard\libm.a
END GROUP
START GROUP
LOAD D:/STM32CubeIDE_1.16.0/STM32CubeIDE/plugins/com.st.stm32cube.ide.mcu.externaltools.gnu-tools-for-stm32.13.3.rel1.win32_1.0.0.202411081344/tools/bin/../lib/gcc/arm-none-eabi/13.3.1/thumb/v7e-m+dp/hard\libgcc.a
LOAD D:/STM32CubeIDE_1.16.0/STM32CubeIDE/plugins/com.st.stm32cube.ide.mcu.externaltools.gnu-tools-for-stm32.13.3.rel1.win32_1.0.0.202411081344/tools/bin/../lib/gcc/arm-none-eabi/13.3.1/../../../../arm-none-eabi/lib/thumb/v7e-m+dp/hard\libc_nano.a
END GROUP
START GROUP
LOAD D:/STM32CubeIDE_1.16.0/STM32CubeIDE/plugins/com.st.stm32cube.ide.mcu.externaltools.gnu-tools-for-stm32.13.3.rel1.win32_1.0.0.202411081344/tools/bin/../lib/gcc/arm-none-eabi/13.3.1/thumb/v7e-m+dp/hard\libgcc.a
LOAD D:/STM32CubeIDE_1.16.0/STM32CubeIDE/plugins/com.st.stm32cube.ide.mcu.externaltools.gnu-tools-for-stm32.13.3.rel1.win32_1.0.0.202411081344/tools/bin/../lib/gcc/arm-none-eabi/13.3.1/../../../../arm-none-eabi/lib/thumb/v7e-m+dp/hard\libc_nano.a
LOAD D:/STM32CubeIDE_1.16.0/STM32CubeIDE/plugins/com.st.stm32cube.ide.mcu.externaltools.gnu-tools-for-stm32.13.3.rel1.win32_1.0.0.202411081344/tools/bin/../lib/gcc/arm-none-eabi/13.3.1/../../../../arm-none-eabi/lib/thumb/v7e-m+dp/hard\libnosys.a
END GROUP
START GROUP
LOAD D:/STM32CubeIDE_1.16.0/STM32CubeIDE/plugins/com.st.stm32cube.ide.mcu.externaltools.gnu-tools-for-stm32.13.3.rel1.win32_1.0.0.202411081344/tools/bin/../lib/gcc/arm-none-eabi/13.3.1/thumb/v7e-m+dp/hard\libgcc.a
LOAD D:/STM32CubeIDE_1.16.0/STM32CubeIDE/plugins/com.st.stm32cube.ide.mcu.externaltools.gnu-tools-for-stm32.13.3.rel1.win32_1.0.0.202411081344/tools/bin/../lib/gcc/arm-none-eabi/13.3.1/../../../../arm-none-eabi/lib/thumb/v7e-m+dp/hard\libc_nano.a
LOAD D:/STM32CubeIDE_1.16.0/STM32CubeIDE/plugins/com.st.stm32cube.ide.mcu.externaltools.gnu-tools-for-stm32.13.3.rel1.win32_1.0.0.202411081344/tools/bin/../lib/gcc/arm-none-eabi/13.3.1/../../../../arm-none-eabi/lib/thumb/v7e-m+dp/hard\libnosys.a
END GROUP
LOAD D:/STM32CubeIDE_1.16.0/STM32CubeIDE/plugins/com.st.stm32cube.ide.mcu.externaltools.gnu-tools-for-stm32.13.3.rel1.win32_1.0.0.202411081344/tools/bin/../lib/gcc/arm-none-eabi/13.3.1/thumb/v7e-m+dp/hard/crtend.o
LOAD D:/STM32CubeIDE_1.16.0/STM32CubeIDE/plugins/com.st.stm32cube.ide.mcu.externaltools.gnu-tools-for-stm32.13.3.rel1.win32_1.0.0.202411081344/tools/bin/../lib/gcc/arm-none-eabi/13.3.1/thumb/v7e-m+dp/hard/crtn.o
                0x24080000                        _estack = (ORIGIN (RAM_D1) + LENGTH (RAM_D1))
                0x00000200                        _Min_Heap_Size = 0x200
                0x00000400                        _Min_Stack_Size = 0x400

.isr_vector     0x08000000      0x298
                0x08000000                        . = ALIGN (0x4)
 *(.isr_vector)
 .isr_vector    0x08000000      0x298 ./Core/Startup/startup_stm32h747igtx.o
                0x08000000                g_pfnVectors
                0x08000298                        . = ALIGN (0x4)

.text           0x080002a0     0xd44c
                0x080002a0                        . = ALIGN (0x4)
 *(.text)
 .text          0x080002a0       0x40 D:/STM32CubeIDE_1.16.0/STM32CubeIDE/plugins/com.st.stm32cube.ide.mcu.externaltools.gnu-tools-for-stm32.13.3.rel1.win32_1.0.0.202411081344/tools/bin/../lib/gcc/arm-none-eabi/13.3.1/thumb/v7e-m+dp/hard/crtbegin.o
 .text          0x080002e0       0x14 D:/STM32CubeIDE_1.16.0/STM32CubeIDE/plugins/com.st.stm32cube.ide.mcu.externaltools.gnu-tools-for-stm32.13.3.rel1.win32_1.0.0.202411081344/tools/bin/../lib/gcc/arm-none-eabi/13.3.1/../../../../arm-none-eabi/lib/thumb/v7e-m+dp/hard\libc_nano.a(libc_a-strcmp.o)
                0x080002e0                strcmp
 *fill*         0x080002f4        0xc 
 .text          0x08000300       0xa0 D:/STM32CubeIDE_1.16.0/STM32CubeIDE/plugins/com.st.stm32cube.ide.mcu.externaltools.gnu-tools-for-stm32.13.3.rel1.win32_1.0.0.202411081344/tools/bin/../lib/gcc/arm-none-eabi/13.3.1/../../../../arm-none-eabi/lib/thumb/v7e-m+dp/hard\libc_nano.a(libc_a-memchr.o)
                0x08000300                memchr
 .text          0x080003a0       0x10 D:/STM32CubeIDE_1.16.0/STM32CubeIDE/plugins/com.st.stm32cube.ide.mcu.externaltools.gnu-tools-for-stm32.13.3.rel1.win32_1.0.0.202411081344/tools/bin/../lib/gcc/arm-none-eabi/13.3.1/../../../../arm-none-eabi/lib/thumb/v7e-m+dp/hard\libc_nano.a(libc_a-strlen.o)
                0x080003a0                strlen
 *(.text*)
 .text.SystemInit
                0x080003b0      0x15c ./Common/Src/system_stm32h7xx_dualcore_boot_cm4_cm7.o
                0x080003b0                SystemInit
 .text.ExitRun0Mode
                0x0800050c       0x34 ./Common/Src/system_stm32h7xx_dualcore_boot_cm4_cm7.o
                0x0800050c                ExitRun0Mode
 .text.CDC_Init_User
                0x08000540       0x28 ./Core/Src/M7_CDC_User.o
 .text.CDC_DeInit_User
                0x08000568       0x10 ./Core/Src/M7_CDC_User.o
 .text.CDC_Control_User
                0x08000578       0x1e ./Core/Src/M7_CDC_User.o
 *fill*         0x08000596        0x2 
 .text.CDC_Receive_User
                0x08000598       0x90 ./Core/Src/M7_CDC_User.o
 .text.CDC_TxCplt_User
                0x08000628       0x1c ./Core/Src/M7_CDC_User.o
 .text.CDC_Available
                0x08000644       0x2c ./Core/Src/M7_CDC_User.o
                0x08000644                CDC_Available
 .text.CDC_GetCharNonBlocking
                0x08000670       0x5c ./Core/Src/M7_CDC_User.o
                0x08000670                CDC_GetCharNonBlocking
 .text.ConfigurationInit
                0x080006cc       0x30 ./Core/Src/M7_Configuartion.o
                0x080006cc                ConfigurationInit
 .text.delay    0x080006fc       0x16 ./Core/Src/M7_Configuartion.o
                0x080006fc                delay
 .text.MPU_Config_D2_NonCacheable
                0x08000712       0x4e ./Core/Src/M7_Configuartion.o
                0x08000712                MPU_Config_D2_NonCacheable
 .text.I2C_Scan_hi2c1
                0x08000760       0xac ./Core/Src/M7_Configuartion.o
                0x08000760                I2C_Scan_hi2c1
 .text.I2C_Scan_hi2c2
                0x0800080c       0xac ./Core/Src/M7_Configuartion.o
                0x0800080c                I2C_Scan_hi2c2
 .text.M7_write
                0x080008b8       0x48 ./Core/Src/M7_LED.o
 .text.M7_read  0x08000900       0x44 ./Core/Src/M7_LED.o
 .text.LED_init
                0x08000944       0x58 ./Core/Src/M7_LED.o
                0x08000944                LED_init
 .text.LED__only
                0x0800099c       0x62 ./Core/Src/M7_LED.o
 .text.LED_red  0x080009fe       0x1c ./Core/Src/M7_LED.o
                0x080009fe                LED_red
 .text.LED_green
                0x08000a1a       0x1c ./Core/Src/M7_LED.o
                0x08000a1a                LED_green
 .text.LED_blue
                0x08000a36       0x1c ./Core/Src/M7_LED.o
                0x08000a36                LED_blue
 *fill*         0x08000a52        0x2 
 .text.LED_on   0x08000a54       0x60 ./Core/Src/M7_LED.o
                0x08000a54                LED_on
 .text.LED_toggle
                0x08000ab4       0xb0 ./Core/Src/M7_LED.o
                0x08000ab4                LED_toggle
 .text.ITM_SendChar
                0x08000b64       0x4e ./Core/Src/M7_Retarget.o
 .text._write   0x08000bb2       0x38 ./Core/Src/M7_Retarget.o
                0x08000bb2                _write
 .text.SerialAvailable
                0x08000bea        0xe ./Core/Src/M7_Serial.o
                0x08000bea                SerialAvailable
 .text.SerialRead
                0x08000bf8       0x22 ./Core/Src/M7_Serial.o
                0x08000bf8                SerialRead
 *fill*         0x08000c1a        0x2 
 .text.SerialPrint
                0x08000c1c       0x68 ./Core/Src/M7_Serial.o
                0x08000c1c                SerialPrint
 .text.SerialPrintln
                0x08000c84       0x24 ./Core/Src/M7_Serial.o
                0x08000c84                SerialPrintln
 .text.SerialPrintInt
                0x08000ca8       0x1c ./Core/Src/M7_Serial.o
                0x08000ca8                SerialPrintInt
 .text.SerialPrintFloat
                0x08000cc4       0x40 ./Core/Src/M7_Serial.o
                0x08000cc4                SerialPrintFloat
 .text.SerialIsOnline
                0x08000d04       0x24 ./Core/Src/M7_Serial.o
                0x08000d04                SerialIsOnline
 .text.Data_Input
                0x08000d28       0xc8 ./Core/Src/M7_Serial.o
                0x08000d28                Data_Input
 .text.setup    0x08000df0        0xe ./Core/Src/M7_Sketch.o
                0x08000df0                setup
 *fill*         0x08000dfe        0x2 
 .text.loop     0x08000e00       0x9c ./Core/Src/M7_Sketch.o
                0x08000e00                loop
 .text.main     0x08000e9c      0x1ac ./Core/Src/main.o
                0x08000e9c                main
 .text.SystemClock_Config
                0x08001048      0x100 ./Core/Src/main.o
                0x08001048                SystemClock_Config
 .text.PeriphCommonClock_Config
                0x08001148       0x3c ./Core/Src/main.o
                0x08001148                PeriphCommonClock_Config
 .text.MX_I2C1_Init
                0x08001184       0x80 ./Core/Src/main.o
 .text.MX_I2C2_Init
                0x08001204       0x80 ./Core/Src/main.o
 .text.MX_I2C4_Init
                0x08001284       0x80 ./Core/Src/main.o
 .text.MX_SPI2_Init
                0x08001304       0xac ./Core/Src/main.o
 .text.MX_SPI5_Init
                0x080013b0       0xac ./Core/Src/main.o
 .text.MX_GPIO_Init
                0x0800145c       0xc4 ./Core/Src/main.o
 .text.MPU_Config
                0x08001520       0x58 ./Core/Src/main.o
 .text.Error_Handler
                0x08001578        0xc ./Core/Src/main.o
                0x08001578                Error_Handler
 .text.HAL_MspInit
                0x08001584       0x34 ./Core/Src/stm32h7xx_hal_msp.o
                0x08001584                HAL_MspInit
 .text.HAL_I2C_MspInit
                0x080015b8      0x218 ./Core/Src/stm32h7xx_hal_msp.o
                0x080015b8                HAL_I2C_MspInit
 .text.HAL_SPI_MspInit
                0x080017d0      0x1a0 ./Core/Src/stm32h7xx_hal_msp.o
                0x080017d0                HAL_SPI_MspInit
 .text.NMI_Handler
                0x08001970        0x8 ./Core/Src/stm32h7xx_it.o
                0x08001970                NMI_Handler
 .text.HardFault_Handler
                0x08001978        0x8 ./Core/Src/stm32h7xx_it.o
                0x08001978                HardFault_Handler
 .text.MemManage_Handler
                0x08001980        0x8 ./Core/Src/stm32h7xx_it.o
                0x08001980                MemManage_Handler
 .text.BusFault_Handler
                0x08001988        0x8 ./Core/Src/stm32h7xx_it.o
                0x08001988                BusFault_Handler
 .text.UsageFault_Handler
                0x08001990        0x8 ./Core/Src/stm32h7xx_it.o
                0x08001990                UsageFault_Handler
 .text.SVC_Handler
                0x08001998        0xe ./Core/Src/stm32h7xx_it.o
                0x08001998                SVC_Handler
 .text.DebugMon_Handler
                0x080019a6        0xe ./Core/Src/stm32h7xx_it.o
                0x080019a6                DebugMon_Handler
 .text.PendSV_Handler
                0x080019b4        0xe ./Core/Src/stm32h7xx_it.o
                0x080019b4                PendSV_Handler
 .text.SysTick_Handler
                0x080019c2        0xc ./Core/Src/stm32h7xx_it.o
                0x080019c2                SysTick_Handler
 *fill*         0x080019ce        0x2 
 .text.OTG_FS_IRQHandler
                0x080019d0       0x14 ./Core/Src/stm32h7xx_it.o
                0x080019d0                OTG_FS_IRQHandler
 .text._getpid  0x080019e4       0x10 ./Core/Src/syscalls.o
                0x080019e4                _getpid
 .text._kill    0x080019f4       0x20 ./Core/Src/syscalls.o
                0x080019f4                _kill
 .text._exit    0x08001a14       0x16 ./Core/Src/syscalls.o
                0x08001a14                _exit
 .text._read    0x08001a2a       0x3a ./Core/Src/syscalls.o
                0x08001a2a                _read
 .text._close   0x08001a64       0x18 ./Core/Src/syscalls.o
                0x08001a64                _close
 .text._fstat   0x08001a7c       0x20 ./Core/Src/syscalls.o
                0x08001a7c                _fstat
 .text._isatty  0x08001a9c       0x16 ./Core/Src/syscalls.o
                0x08001a9c                _isatty
 .text._lseek   0x08001ab2       0x1a ./Core/Src/syscalls.o
                0x08001ab2                _lseek
 .text._sbrk    0x08001acc       0x6c ./Core/Src/sysmem.o
                0x08001acc                _sbrk
 .text.Reset_Handler
                0x08001b38       0x54 ./Core/Startup/startup_stm32h747igtx.o
                0x08001b38                Reset_Handler
 .text.Default_Handler
                0x08001b8c        0x2 ./Core/Startup/startup_stm32h747igtx.o
                0x08001b8c                RTC_Alarm_IRQHandler
                0x08001b8c                EXTI2_IRQHandler
                0x08001b8c                TIM8_CC_IRQHandler
                0x08001b8c                HRTIM1_Master_IRQHandler
                0x08001b8c                UART8_IRQHandler
                0x08001b8c                SPI4_IRQHandler
                0x08001b8c                TIM1_CC_IRQHandler
                0x08001b8c                BDMA_Channel6_IRQHandler
                0x08001b8c                DMA2_Stream5_IRQHandler
                0x08001b8c                HRTIM1_FLT_IRQHandler
                0x08001b8c                JPEG_IRQHandler
                0x08001b8c                DMA1_Stream5_IRQHandler
                0x08001b8c                BDMA_Channel1_IRQHandler
                0x08001b8c                HRTIM1_TIMD_IRQHandler
                0x08001b8c                TAMP_STAMP_IRQHandler
                0x08001b8c                EXTI3_IRQHandler
                0x08001b8c                LPTIM4_IRQHandler
                0x08001b8c                TIM8_TRG_COM_TIM14_IRQHandler
                0x08001b8c                LPTIM2_IRQHandler
                0x08001b8c                DFSDM1_FLT1_IRQHandler
                0x08001b8c                DMAMUX2_OVR_IRQHandler
                0x08001b8c                TIM8_UP_TIM13_IRQHandler
                0x08001b8c                I2C3_ER_IRQHandler
                0x08001b8c                DFSDM1_FLT2_IRQHandler
                0x08001b8c                MDMA_IRQHandler
                0x08001b8c                LPTIM3_IRQHandler
                0x08001b8c                HSEM1_IRQHandler
                0x08001b8c                EXTI0_IRQHandler
                0x08001b8c                I2C2_EV_IRQHandler
                0x08001b8c                DMA1_Stream2_IRQHandler
                0x08001b8c                FPU_IRQHandler
                0x08001b8c                OTG_HS_WKUP_IRQHandler
                0x08001b8c                FDCAN1_IT1_IRQHandler
                0x08001b8c                LTDC_ER_IRQHandler
                0x08001b8c                DMA2_Stream2_IRQHandler
                0x08001b8c                HRTIM1_TIME_IRQHandler
                0x08001b8c                SPI1_IRQHandler
                0x08001b8c                TIM6_DAC_IRQHandler
                0x08001b8c                DCMI_IRQHandler
                0x08001b8c                HRTIM1_TIMC_IRQHandler
                0x08001b8c                DMA2_Stream3_IRQHandler
                0x08001b8c                SAI2_IRQHandler
                0x08001b8c                DFSDM1_FLT3_IRQHandler
                0x08001b8c                USART6_IRQHandler
                0x08001b8c                TIM17_IRQHandler
                0x08001b8c                USART3_IRQHandler
                0x08001b8c                BDMA_Channel7_IRQHandler
                0x08001b8c                LPTIM5_IRQHandler
                0x08001b8c                UART5_IRQHandler
                0x08001b8c                ADC3_IRQHandler
                0x08001b8c                DMA2_Stream0_IRQHandler
                0x08001b8c                TIM4_IRQHandler
                0x08001b8c                BDMA_Channel2_IRQHandler
                0x08001b8c                QUADSPI_IRQHandler
                0x08001b8c                I2C1_EV_IRQHandler
                0x08001b8c                DMA1_Stream6_IRQHandler
                0x08001b8c                DMAMUX1_OVR_IRQHandler
                0x08001b8c                DMA1_Stream1_IRQHandler
                0x08001b8c                TIM16_IRQHandler
                0x08001b8c                UART4_IRQHandler
                0x08001b8c                BDMA_Channel5_IRQHandler
                0x08001b8c                TIM3_IRQHandler
                0x08001b8c                RCC_IRQHandler
                0x08001b8c                TIM8_BRK_TIM12_IRQHandler
                0x08001b8c                TIM1_TRG_COM_IRQHandler
                0x08001b8c                Default_Handler
                0x08001b8c                ECC_IRQHandler
                0x08001b8c                CEC_IRQHandler
                0x08001b8c                EXTI15_10_IRQHandler
                0x08001b8c                BDMA_Channel0_IRQHandler
                0x08001b8c                ADC_IRQHandler
                0x08001b8c                DMA1_Stream7_IRQHandler
                0x08001b8c                HRTIM1_TIMA_IRQHandler
                0x08001b8c                SPI5_IRQHandler
                0x08001b8c                TIM7_IRQHandler
                0x08001b8c                SDMMC1_IRQHandler
                0x08001b8c                TIM5_IRQHandler
                0x08001b8c                DMA2_Stream7_IRQHandler
                0x08001b8c                TIM15_IRQHandler
                0x08001b8c                PVD_AVD_IRQHandler
                0x08001b8c                I2C3_EV_IRQHandler
                0x08001b8c                EXTI9_5_IRQHandler
                0x08001b8c                RTC_WKUP_IRQHandler
                0x08001b8c                LTDC_IRQHandler
                0x08001b8c                SAI3_IRQHandler
                0x08001b8c                ETH_WKUP_IRQHandler
                0x08001b8c                SPDIF_RX_IRQHandler
                0x08001b8c                SPI2_IRQHandler
                0x08001b8c                OTG_HS_EP1_IN_IRQHandler
                0x08001b8c                DMA1_Stream0_IRQHandler
                0x08001b8c                CRS_IRQHandler
                0x08001b8c                CM7_SEV_IRQHandler
                0x08001b8c                EXTI4_IRQHandler
                0x08001b8c                RNG_IRQHandler
                0x08001b8c                CM4_SEV_IRQHandler
                0x08001b8c                HRTIM1_TIMB_IRQHandler
                0x08001b8c                FDCAN2_IT1_IRQHandler
                0x08001b8c                DSI_IRQHandler
                0x08001b8c                ETH_IRQHandler
                0x08001b8c                TIM1_UP_IRQHandler
                0x08001b8c                WWDG_RST_IRQHandler
                0x08001b8c                BDMA_Channel4_IRQHandler
                0x08001b8c                OTG_HS_EP1_OUT_IRQHandler
                0x08001b8c                WWDG_IRQHandler
                0x08001b8c                SPI6_IRQHandler
                0x08001b8c                MDIOS_IRQHandler
                0x08001b8c                I2C4_EV_IRQHandler
                0x08001b8c                FDCAN2_IT0_IRQHandler
                0x08001b8c                LPUART1_IRQHandler
                0x08001b8c                FDCAN1_IT0_IRQHandler
                0x08001b8c                TIM2_IRQHandler
                0x08001b8c                OTG_FS_WKUP_IRQHandler
                0x08001b8c                OTG_HS_IRQHandler
                0x08001b8c                HSEM2_IRQHandler
                0x08001b8c                DMA2D_IRQHandler
                0x08001b8c                TIM1_BRK_IRQHandler
                0x08001b8c                EXTI1_IRQHandler
                0x08001b8c                SDMMC2_IRQHandler
                0x08001b8c                OTG_FS_EP1_OUT_IRQHandler
                0x08001b8c                BDMA_Channel3_IRQHandler
                0x08001b8c                HOLD_CORE_IRQHandler
                0x08001b8c                UART7_IRQHandler
                0x08001b8c                MDIOS_WKUP_IRQHandler
                0x08001b8c                USART2_IRQHandler
                0x08001b8c                DFSDM1_FLT0_IRQHandler
                0x08001b8c                SAI4_IRQHandler
                0x08001b8c                I2C2_ER_IRQHandler
                0x08001b8c                DMA2_Stream1_IRQHandler
                0x08001b8c                FLASH_IRQHandler
                0x08001b8c                DMA2_Stream4_IRQHandler
                0x08001b8c                USART1_IRQHandler
                0x08001b8c                SPI3_IRQHandler
                0x08001b8c                WAKEUP_PIN_IRQHandler
                0x08001b8c                DMA1_Stream4_IRQHandler
                0x08001b8c                OTG_FS_EP1_IN_IRQHandler
                0x08001b8c                I2C1_ER_IRQHandler
                0x08001b8c                FMC_IRQHandler
                0x08001b8c                FDCAN_CAL_IRQHandler
                0x08001b8c                SWPMI1_IRQHandler
                0x08001b8c                COMP1_IRQHandler
                0x08001b8c                LPTIM1_IRQHandler
                0x08001b8c                I2C4_ER_IRQHandler
                0x08001b8c                DMA2_Stream6_IRQHandler
                0x08001b8c                SAI1_IRQHandler
                0x08001b8c                DMA1_Stream3_IRQHandler
 *fill*         0x08001b8e        0x2 
 .text.HAL_Init
                0x08001b90       0x78 ./Drivers/STM32H7xx_HAL_Driver/stm32h7xx_hal.o
                0x08001b90                HAL_Init
 .text.HAL_InitTick
                0x08001c08       0x6c ./Drivers/STM32H7xx_HAL_Driver/stm32h7xx_hal.o
                0x08001c08                HAL_InitTick
 .text.HAL_IncTick
                0x08001c74       0x28 ./Drivers/STM32H7xx_HAL_Driver/stm32h7xx_hal.o
                0x08001c74                HAL_IncTick
 .text.HAL_GetTick
                0x08001c9c       0x18 ./Drivers/STM32H7xx_HAL_Driver/stm32h7xx_hal.o
                0x08001c9c                HAL_GetTick
 .text.HAL_Delay
                0x08001cb4       0x48 ./Drivers/STM32H7xx_HAL_Driver/stm32h7xx_hal.o
                0x08001cb4                HAL_Delay
 .text.HAL_GetREVID
                0x08001cfc       0x18 ./Drivers/STM32H7xx_HAL_Driver/stm32h7xx_hal.o
                0x08001cfc                HAL_GetREVID
 .text.__NVIC_SetPriorityGrouping
                0x08001d14       0x48 ./Drivers/STM32H7xx_HAL_Driver/stm32h7xx_hal_cortex.o
 .text.__NVIC_GetPriorityGrouping
                0x08001d5c       0x1c ./Drivers/STM32H7xx_HAL_Driver/stm32h7xx_hal_cortex.o
 .text.__NVIC_EnableIRQ
                0x08001d78       0x3c ./Drivers/STM32H7xx_HAL_Driver/stm32h7xx_hal_cortex.o
 .text.__NVIC_SetPriority
                0x08001db4       0x54 ./Drivers/STM32H7xx_HAL_Driver/stm32h7xx_hal_cortex.o
 .text.NVIC_EncodePriority
                0x08001e08       0x66 ./Drivers/STM32H7xx_HAL_Driver/stm32h7xx_hal_cortex.o
 *fill*         0x08001e6e        0x2 
 .text.SysTick_Config
                0x08001e70       0x44 ./Drivers/STM32H7xx_HAL_Driver/stm32h7xx_hal_cortex.o
 .text.HAL_NVIC_SetPriorityGrouping
                0x08001eb4       0x16 ./Drivers/STM32H7xx_HAL_Driver/stm32h7xx_hal_cortex.o
                0x08001eb4                HAL_NVIC_SetPriorityGrouping
 .text.HAL_NVIC_SetPriority
                0x08001eca       0x34 ./Drivers/STM32H7xx_HAL_Driver/stm32h7xx_hal_cortex.o
                0x08001eca                HAL_NVIC_SetPriority
 .text.HAL_NVIC_EnableIRQ
                0x08001efe       0x1c ./Drivers/STM32H7xx_HAL_Driver/stm32h7xx_hal_cortex.o
                0x08001efe                HAL_NVIC_EnableIRQ
 .text.HAL_SYSTICK_Config
                0x08001f1a       0x18 ./Drivers/STM32H7xx_HAL_Driver/stm32h7xx_hal_cortex.o
                0x08001f1a                HAL_SYSTICK_Config
 *fill*         0x08001f32        0x2 
 .text.HAL_MPU_Disable
                0x08001f34       0x30 ./Drivers/STM32H7xx_HAL_Driver/stm32h7xx_hal_cortex.o
                0x08001f34                HAL_MPU_Disable
 .text.HAL_MPU_Enable
                0x08001f64       0x40 ./Drivers/STM32H7xx_HAL_Driver/stm32h7xx_hal_cortex.o
                0x08001f64                HAL_MPU_Enable
 .text.HAL_MPU_ConfigRegion
                0x08001fa4       0x80 ./Drivers/STM32H7xx_HAL_Driver/stm32h7xx_hal_cortex.o
                0x08001fa4                HAL_MPU_ConfigRegion
 .text.HAL_GPIO_Init
                0x08002024      0x360 ./Drivers/STM32H7xx_HAL_Driver/stm32h7xx_hal_gpio.o
                0x08002024                HAL_GPIO_Init
 .text.HAL_GPIO_ReadPin
                0x08002384       0x30 ./Drivers/STM32H7xx_HAL_Driver/stm32h7xx_hal_gpio.o
                0x08002384                HAL_GPIO_ReadPin
 .text.HAL_GPIO_WritePin
                0x080023b4       0x32 ./Drivers/STM32H7xx_HAL_Driver/stm32h7xx_hal_gpio.o
                0x080023b4                HAL_GPIO_WritePin
 *fill*         0x080023e6        0x2 
 .text.HAL_HSEM_FastTake
                0x080023e8       0x34 ./Drivers/STM32H7xx_HAL_Driver/stm32h7xx_hal_hsem.o
                0x080023e8                HAL_HSEM_FastTake
 .text.HAL_HSEM_Release
                0x0800241c       0x28 ./Drivers/STM32H7xx_HAL_Driver/stm32h7xx_hal_hsem.o
                0x0800241c                HAL_HSEM_Release
 .text.HAL_I2C_Init
                0x08002444      0x138 ./Drivers/STM32H7xx_HAL_Driver/stm32h7xx_hal_i2c.o
                0x08002444                HAL_I2C_Init
 .text.HAL_I2C_IsDeviceReady
                0x0800257c      0x20c ./Drivers/STM32H7xx_HAL_Driver/stm32h7xx_hal_i2c.o
                0x0800257c                HAL_I2C_IsDeviceReady
 .text.I2C_Flush_TXDR
                0x08002788       0x48 ./Drivers/STM32H7xx_HAL_Driver/stm32h7xx_hal_i2c.o
 .text.I2C_WaitOnFlagUntilTimeout
                0x080027d0       0xb2 ./Drivers/STM32H7xx_HAL_Driver/stm32h7xx_hal_i2c.o
 *fill*         0x08002882        0x2 
 .text.I2C_IsErrorOccurred
                0x08002884      0x1c0 ./Drivers/STM32H7xx_HAL_Driver/stm32h7xx_hal_i2c.o
 .text.HAL_I2CEx_ConfigAnalogFilter
                0x08002a44       0x96 ./Drivers/STM32H7xx_HAL_Driver/stm32h7xx_hal_i2c_ex.o
                0x08002a44                HAL_I2CEx_ConfigAnalogFilter
 .text.HAL_I2CEx_ConfigDigitalFilter
                0x08002ada       0x98 ./Drivers/STM32H7xx_HAL_Driver/stm32h7xx_hal_i2c_ex.o
                0x08002ada                HAL_I2CEx_ConfigDigitalFilter
 .text.HAL_PCD_Init
                0x08002b72      0x218 ./Drivers/STM32H7xx_HAL_Driver/stm32h7xx_hal_pcd.o
                0x08002b72                HAL_PCD_Init
 .text.HAL_PCD_Start
                0x08002d8a       0x6a ./Drivers/STM32H7xx_HAL_Driver/stm32h7xx_hal_pcd.o
                0x08002d8a                HAL_PCD_Start
 .text.HAL_PCD_IRQHandler
                0x08002df4      0x99c ./Drivers/STM32H7xx_HAL_Driver/stm32h7xx_hal_pcd.o
                0x08002df4                HAL_PCD_IRQHandler
 .text.HAL_PCD_SetAddress
                0x08003790       0x48 ./Drivers/STM32H7xx_HAL_Driver/stm32h7xx_hal_pcd.o
                0x08003790                HAL_PCD_SetAddress
 .text.HAL_PCD_EP_Open
                0x080037d8       0xd4 ./Drivers/STM32H7xx_HAL_Driver/stm32h7xx_hal_pcd.o
                0x080037d8                HAL_PCD_EP_Open
 .text.HAL_PCD_EP_Close
                0x080038ac       0x94 ./Drivers/STM32H7xx_HAL_Driver/stm32h7xx_hal_pcd.o
                0x080038ac                HAL_PCD_EP_Close
 .text.HAL_PCD_EP_Receive
                0x08003940       0x76 ./Drivers/STM32H7xx_HAL_Driver/stm32h7xx_hal_pcd.o
                0x08003940                HAL_PCD_EP_Receive
 .text.HAL_PCD_EP_GetRxCount
                0x080039b6       0x30 ./Drivers/STM32H7xx_HAL_Driver/stm32h7xx_hal_pcd.o
                0x080039b6                HAL_PCD_EP_GetRxCount
 .text.HAL_PCD_EP_Transmit
                0x080039e6       0x74 ./Drivers/STM32H7xx_HAL_Driver/stm32h7xx_hal_pcd.o
                0x080039e6                HAL_PCD_EP_Transmit
 .text.HAL_PCD_EP_SetStall
                0x08003a5a       0xc6 ./Drivers/STM32H7xx_HAL_Driver/stm32h7xx_hal_pcd.o
                0x08003a5a                HAL_PCD_EP_SetStall
 .text.HAL_PCD_EP_ClrStall
                0x08003b20       0xac ./Drivers/STM32H7xx_HAL_Driver/stm32h7xx_hal_pcd.o
                0x08003b20                HAL_PCD_EP_ClrStall
 .text.HAL_PCD_EP_Abort
                0x08003bcc       0x62 ./Drivers/STM32H7xx_HAL_Driver/stm32h7xx_hal_pcd.o
                0x08003bcc                HAL_PCD_EP_Abort
 .text.PCD_WriteEmptyTxFifo
                0x08003c2e      0x118 ./Drivers/STM32H7xx_HAL_Driver/stm32h7xx_hal_pcd.o
 *fill*         0x08003d46        0x2 
 .text.PCD_EP_OutXfrComplete_int
                0x08003d48      0x1d0 ./Drivers/STM32H7xx_HAL_Driver/stm32h7xx_hal_pcd.o
 .text.PCD_EP_OutSetupPacket_int
                0x08003f18       0x8c ./Drivers/STM32H7xx_HAL_Driver/stm32h7xx_hal_pcd.o
 .text.HAL_PCDEx_SetTxFiFo
                0x08003fa4       0x8e ./Drivers/STM32H7xx_HAL_Driver/stm32h7xx_hal_pcd_ex.o
                0x08003fa4                HAL_PCDEx_SetTxFiFo
 .text.HAL_PCDEx_SetRxFiFo
                0x08004032       0x22 ./Drivers/STM32H7xx_HAL_Driver/stm32h7xx_hal_pcd_ex.o
                0x08004032                HAL_PCDEx_SetRxFiFo
 .text.HAL_PCDEx_ActivateLPM
                0x08004054       0x48 ./Drivers/STM32H7xx_HAL_Driver/stm32h7xx_hal_pcd_ex.o
                0x08004054                HAL_PCDEx_ActivateLPM
 .text.HAL_PCDEx_LPM_Callback
                0x0800409c       0x18 ./Drivers/STM32H7xx_HAL_Driver/stm32h7xx_hal_pcd_ex.o
                0x0800409c                HAL_PCDEx_LPM_Callback
 .text.HAL_PWREx_ConfigSupply
                0x080040b4       0xb4 ./Drivers/STM32H7xx_HAL_Driver/stm32h7xx_hal_pwr_ex.o
                0x080040b4                HAL_PWREx_ConfigSupply
 .text.HAL_PWREx_EnableUSBVoltageDetector
                0x08004168       0x20 ./Drivers/STM32H7xx_HAL_Driver/stm32h7xx_hal_pwr_ex.o
                0x08004168                HAL_PWREx_EnableUSBVoltageDetector
 .text.HAL_RCC_OscConfig
                0x08004188      0x8b4 ./Drivers/STM32H7xx_HAL_Driver/stm32h7xx_hal_rcc.o
                0x08004188                HAL_RCC_OscConfig
 .text.HAL_RCC_ClockConfig
                0x08004a3c      0x36c ./Drivers/STM32H7xx_HAL_Driver/stm32h7xx_hal_rcc.o
                0x08004a3c                HAL_RCC_ClockConfig
 .text.HAL_RCC_GetSysClockFreq
                0x08004da8      0x2f4 ./Drivers/STM32H7xx_HAL_Driver/stm32h7xx_hal_rcc.o
                0x08004da8                HAL_RCC_GetSysClockFreq
 .text.HAL_RCC_GetHCLKFreq
                0x0800509c       0x60 ./Drivers/STM32H7xx_HAL_Driver/stm32h7xx_hal_rcc.o
                0x0800509c                HAL_RCC_GetHCLKFreq
 .text.HAL_RCCEx_PeriphCLKConfig
                0x080050fc     0x1494 ./Drivers/STM32H7xx_HAL_Driver/stm32h7xx_hal_rcc_ex.o
                0x080050fc                HAL_RCCEx_PeriphCLKConfig
 .text.RCCEx_PLL2_Config
                0x08006590      0x164 ./Drivers/STM32H7xx_HAL_Driver/stm32h7xx_hal_rcc_ex.o
 .text.RCCEx_PLL3_Config
                0x080066f4      0x164 ./Drivers/STM32H7xx_HAL_Driver/stm32h7xx_hal_rcc_ex.o
 .text.HAL_SPI_Init
                0x08006858      0x248 ./Drivers/STM32H7xx_HAL_Driver/stm32h7xx_hal_spi.o
                0x08006858                HAL_SPI_Init
 .text.SPI_GetPacketSize
                0x08006aa0       0x36 ./Drivers/STM32H7xx_HAL_Driver/stm32h7xx_hal_spi.o
 *fill*         0x08006ad6        0x2 
 .text.USB_CoreInit
                0x08006ad8       0xe4 ./Drivers/STM32H7xx_HAL_Driver/stm32h7xx_ll_usb.o
                0x08006ad8                USB_CoreInit
 .text.USB_SetTurnaroundTime
                0x08006bbc      0x144 ./Drivers/STM32H7xx_HAL_Driver/stm32h7xx_ll_usb.o
                0x08006bbc                USB_SetTurnaroundTime
 .text.USB_EnableGlobalInt
                0x08006d00       0x22 ./Drivers/STM32H7xx_HAL_Driver/stm32h7xx_ll_usb.o
                0x08006d00                USB_EnableGlobalInt
 .text.USB_DisableGlobalInt
                0x08006d22       0x22 ./Drivers/STM32H7xx_HAL_Driver/stm32h7xx_ll_usb.o
                0x08006d22                USB_DisableGlobalInt
 .text.USB_SetCurrentMode
                0x08006d44       0x98 ./Drivers/STM32H7xx_HAL_Driver/stm32h7xx_ll_usb.o
                0x08006d44                USB_SetCurrentMode
 .text.USB_DevInit
                0x08006ddc      0x2bc ./Drivers/STM32H7xx_HAL_Driver/stm32h7xx_ll_usb.o
                0x08006ddc                USB_DevInit
 .text.USB_FlushTxFifo
                0x08007098       0x64 ./Drivers/STM32H7xx_HAL_Driver/stm32h7xx_ll_usb.o
                0x08007098                USB_FlushTxFifo
 .text.USB_FlushRxFifo
                0x080070fc       0x5c ./Drivers/STM32H7xx_HAL_Driver/stm32h7xx_ll_usb.o
                0x080070fc                USB_FlushRxFifo
 .text.USB_SetDevSpeed
                0x08007158       0x32 ./Drivers/STM32H7xx_HAL_Driver/stm32h7xx_ll_usb.o
                0x08007158                USB_SetDevSpeed
 .text.USB_GetDevSpeed
                0x0800718a       0x4a ./Drivers/STM32H7xx_HAL_Driver/stm32h7xx_ll_usb.o
                0x0800718a                USB_GetDevSpeed
 .text.USB_ActivateEndpoint
                0x080071d4      0x110 ./Drivers/STM32H7xx_HAL_Driver/stm32h7xx_ll_usb.o
                0x080071d4                USB_ActivateEndpoint
 .text.USB_DeactivateEndpoint
                0x080072e4      0x1b8 ./Drivers/STM32H7xx_HAL_Driver/stm32h7xx_ll_usb.o
                0x080072e4                USB_DeactivateEndpoint
 .text.USB_EPStartXfer
                0x0800749c      0x548 ./Drivers/STM32H7xx_HAL_Driver/stm32h7xx_ll_usb.o
                0x0800749c                USB_EPStartXfer
 .text.USB_EPStopXfer
                0x080079e4      0x154 ./Drivers/STM32H7xx_HAL_Driver/stm32h7xx_ll_usb.o
                0x080079e4                USB_EPStopXfer
 .text.USB_WritePacket
                0x08007b38       0x7c ./Drivers/STM32H7xx_HAL_Driver/stm32h7xx_ll_usb.o
                0x08007b38                USB_WritePacket
 .text.USB_ReadPacket
                0x08007bb4       0xb0 ./Drivers/STM32H7xx_HAL_Driver/stm32h7xx_ll_usb.o
                0x08007bb4                USB_ReadPacket
 .text.USB_EPSetStall
                0x08007c64       0xdc ./Drivers/STM32H7xx_HAL_Driver/stm32h7xx_ll_usb.o
                0x08007c64                USB_EPSetStall
 .text.USB_EPClearStall
                0x08007d40       0xcc ./Drivers/STM32H7xx_HAL_Driver/stm32h7xx_ll_usb.o
                0x08007d40                USB_EPClearStall
 .text.USB_SetDevAddress
                0x08007e0c       0x4c ./Drivers/STM32H7xx_HAL_Driver/stm32h7xx_ll_usb.o
                0x08007e0c                USB_SetDevAddress
 .text.USB_DevConnect
                0x08007e58       0x42 ./Drivers/STM32H7xx_HAL_Driver/stm32h7xx_ll_usb.o
                0x08007e58                USB_DevConnect
 .text.USB_DevDisconnect
                0x08007e9a       0x42 ./Drivers/STM32H7xx_HAL_Driver/stm32h7xx_ll_usb.o
                0x08007e9a                USB_DevDisconnect
 .text.USB_ReadInterrupts
                0x08007edc       0x26 ./Drivers/STM32H7xx_HAL_Driver/stm32h7xx_ll_usb.o
                0x08007edc                USB_ReadInterrupts
 .text.USB_ReadDevAllOutEpInterrupt
                0x08007f02       0x34 ./Drivers/STM32H7xx_HAL_Driver/stm32h7xx_ll_usb.o
                0x08007f02                USB_ReadDevAllOutEpInterrupt
 .text.USB_ReadDevAllInEpInterrupt
                0x08007f36       0x34 ./Drivers/STM32H7xx_HAL_Driver/stm32h7xx_ll_usb.o
                0x08007f36                USB_ReadDevAllInEpInterrupt
 .text.USB_ReadDevOutEPInterrupt
                0x08007f6a       0x3c ./Drivers/STM32H7xx_HAL_Driver/stm32h7xx_ll_usb.o
                0x08007f6a                USB_ReadDevOutEPInterrupt
 .text.USB_ReadDevInEPInterrupt
                0x08007fa6       0x5c ./Drivers/STM32H7xx_HAL_Driver/stm32h7xx_ll_usb.o
                0x08007fa6                USB_ReadDevInEPInterrupt
 .text.USB_GetMode
                0x08008002       0x1c ./Drivers/STM32H7xx_HAL_Driver/stm32h7xx_ll_usb.o
                0x08008002                USB_GetMode
 *fill*         0x0800801e        0x2 
 .text.USB_ActivateSetup
                0x08008020       0x48 ./Drivers/STM32H7xx_HAL_Driver/stm32h7xx_ll_usb.o
                0x08008020                USB_ActivateSetup
 .text.USB_EP0_OutStart
                0x08008068       0xbc ./Drivers/STM32H7xx_HAL_Driver/stm32h7xx_ll_usb.o
                0x08008068                USB_EP0_OutStart
 .text.USB_CoreReset
                0x08008124       0x62 ./Drivers/STM32H7xx_HAL_Driver/stm32h7xx_ll_usb.o
 *fill*         0x08008186        0x2 
 .text.USBD_CDC_Init
                0x08008188      0x1f0 ./Middlewares/ST/STM32_USB_Device_Library/usbd_cdc.o
 .text.USBD_CDC_DeInit
                0x08008378      0x104 ./Middlewares/ST/STM32_USB_Device_Library/usbd_cdc.o
 .text.USBD_CDC_Setup
                0x0800847c      0x1b8 ./Middlewares/ST/STM32_USB_Device_Library/usbd_cdc.o
 .text.USBD_CDC_DataIn
                0x08008634       0xfe ./Middlewares/ST/STM32_USB_Device_Library/usbd_cdc.o
 .text.USBD_CDC_DataOut
                0x08008732       0x70 ./Middlewares/ST/STM32_USB_Device_Library/usbd_cdc.o
 .text.USBD_CDC_EP0_RxReady
                0x080087a2       0x74 ./Middlewares/ST/STM32_USB_Device_Library/usbd_cdc.o
 *fill*         0x08008816        0x2 
 .text.USBD_CDC_GetFSCfgDesc
                0x08008818       0x70 ./Middlewares/ST/STM32_USB_Device_Library/usbd_cdc.o
 .text.USBD_CDC_GetHSCfgDesc
                0x08008888       0x70 ./Middlewares/ST/STM32_USB_Device_Library/usbd_cdc.o
 .text.USBD_CDC_GetOtherSpeedCfgDesc
                0x080088f8       0x70 ./Middlewares/ST/STM32_USB_Device_Library/usbd_cdc.o
 .text.USBD_CDC_GetDeviceQualifierDescriptor
                0x08008968       0x20 ./Middlewares/ST/STM32_USB_Device_Library/usbd_cdc.o
                0x08008968                USBD_CDC_GetDeviceQualifierDescriptor
 .text.USBD_CDC_RegisterInterface
                0x08008988       0x34 ./Middlewares/ST/STM32_USB_Device_Library/usbd_cdc.o
                0x08008988                USBD_CDC_RegisterInterface
 .text.USBD_CDC_SetTxBuffer
                0x080089bc       0x44 ./Middlewares/ST/STM32_USB_Device_Library/usbd_cdc.o
                0x080089bc                USBD_CDC_SetTxBuffer
 .text.USBD_CDC_SetRxBuffer
                0x08008a00       0x3a ./Middlewares/ST/STM32_USB_Device_Library/usbd_cdc.o
                0x08008a00                USBD_CDC_SetRxBuffer
 *fill*         0x08008a3a        0x2 
 .text.USBD_CDC_TransmitPacket
                0x08008a3c       0x80 ./Middlewares/ST/STM32_USB_Device_Library/usbd_cdc.o
                0x08008a3c                USBD_CDC_TransmitPacket
 .text.USBD_CDC_ReceivePacket
                0x08008abc       0x6c ./Middlewares/ST/STM32_USB_Device_Library/usbd_cdc.o
                0x08008abc                USBD_CDC_ReceivePacket
 .text.USBD_Init
                0x08008b28       0x60 ./Middlewares/ST/STM32_USB_Device_Library/usbd_core.o
                0x08008b28                USBD_Init
 .text.USBD_RegisterClass
                0x08008b88       0x6c ./Middlewares/ST/STM32_USB_Device_Library/usbd_core.o
                0x08008b88                USBD_RegisterClass
 .text.USBD_Start
                0x08008bf4       0x18 ./Middlewares/ST/STM32_USB_Device_Library/usbd_core.o
                0x08008bf4                USBD_Start
 .text.USBD_RunTestMode
                0x08008c0c       0x16 ./Middlewares/ST/STM32_USB_Device_Library/usbd_core.o
                0x08008c0c                USBD_RunTestMode
 .text.USBD_SetClassConfig
                0x08008c22       0x38 ./Middlewares/ST/STM32_USB_Device_Library/usbd_core.o
                0x08008c22                USBD_SetClassConfig
 .text.USBD_ClrClassConfig
                0x08008c5a       0x34 ./Middlewares/ST/STM32_USB_Device_Library/usbd_core.o
                0x08008c5a                USBD_ClrClassConfig
 .text.USBD_LL_SetupStage
                0x08008c8e       0xaa ./Middlewares/ST/STM32_USB_Device_Library/usbd_core.o
                0x08008c8e                USBD_LL_SetupStage
 .text.USBD_LL_DataOutStage
                0x08008d38      0x166 ./Middlewares/ST/STM32_USB_Device_Library/usbd_core.o
                0x08008d38                USBD_LL_DataOutStage
 .text.USBD_LL_DataInStage
                0x08008e9e      0x164 ./Middlewares/ST/STM32_USB_Device_Library/usbd_core.o
                0x08008e9e                USBD_LL_DataInStage
 .text.USBD_LL_Reset
                0x08009002       0xa4 ./Middlewares/ST/STM32_USB_Device_Library/usbd_core.o
                0x08009002                USBD_LL_Reset
 .text.USBD_LL_SetSpeed
                0x080090a6       0x20 ./Middlewares/ST/STM32_USB_Device_Library/usbd_core.o
                0x080090a6                USBD_LL_SetSpeed
 .text.USBD_LL_Suspend
                0x080090c6       0x38 ./Middlewares/ST/STM32_USB_Device_Library/usbd_core.o
                0x080090c6                USBD_LL_Suspend
 .text.USBD_LL_Resume
                0x080090fe       0x30 ./Middlewares/ST/STM32_USB_Device_Library/usbd_core.o
                0x080090fe                USBD_LL_Resume
 .text.USBD_LL_SOF
                0x0800912e       0x40 ./Middlewares/ST/STM32_USB_Device_Library/usbd_core.o
                0x0800912e                USBD_LL_SOF
 .text.USBD_LL_IsoINIncomplete
                0x0800916e       0x64 ./Middlewares/ST/STM32_USB_Device_Library/usbd_core.o
                0x0800916e                USBD_LL_IsoINIncomplete
 .text.USBD_LL_IsoOUTIncomplete
                0x080091d2       0x64 ./Middlewares/ST/STM32_USB_Device_Library/usbd_core.o
                0x080091d2                USBD_LL_IsoOUTIncomplete
 .text.USBD_LL_DevConnected
                0x08009236       0x16 ./Middlewares/ST/STM32_USB_Device_Library/usbd_core.o
                0x08009236                USBD_LL_DevConnected
 .text.USBD_LL_DevDisconnected
                0x0800924c       0x46 ./Middlewares/ST/STM32_USB_Device_Library/usbd_core.o
                0x0800924c                USBD_LL_DevDisconnected
 .text.USBD_CoreFindIF
                0x08009292       0x1a ./Middlewares/ST/STM32_USB_Device_Library/usbd_core.o
                0x08009292                USBD_CoreFindIF
 .text.USBD_CoreFindEP
                0x080092ac       0x1a ./Middlewares/ST/STM32_USB_Device_Library/usbd_core.o
                0x080092ac                USBD_CoreFindEP
 .text.USBD_GetEpDesc
                0x080092c6       0x70 ./Middlewares/ST/STM32_USB_Device_Library/usbd_core.o
                0x080092c6                USBD_GetEpDesc
 .text.USBD_GetNextDesc
                0x08009336       0x38 ./Middlewares/ST/STM32_USB_Device_Library/usbd_core.o
                0x08009336                USBD_GetNextDesc
 .text.SWAPBYTE
                0x0800936e       0x3e ./Middlewares/ST/STM32_USB_Device_Library/usbd_ctlreq.o
 .text.USBD_StdDevReq
                0x080093ac       0xe4 ./Middlewares/ST/STM32_USB_Device_Library/usbd_ctlreq.o
                0x080093ac                USBD_StdDevReq
 .text.USBD_StdItfReq
                0x08009490       0xd8 ./Middlewares/ST/STM32_USB_Device_Library/usbd_ctlreq.o
                0x08009490                USBD_StdItfReq
 .text.USBD_StdEPReq
                0x08009568      0x33a ./Middlewares/ST/STM32_USB_Device_Library/usbd_ctlreq.o
                0x08009568                USBD_StdEPReq
 *fill*         0x080098a2        0x2 
 .text.USBD_GetDescriptor
                0x080098a4      0x328 ./Middlewares/ST/STM32_USB_Device_Library/usbd_ctlreq.o
 .text.USBD_SetAddress
                0x08009bcc       0x88 ./Middlewares/ST/STM32_USB_Device_Library/usbd_ctlreq.o
 .text.USBD_SetConfig
                0x08009c54      0x154 ./Middlewares/ST/STM32_USB_Device_Library/usbd_ctlreq.o
 .text.USBD_GetConfig
                0x08009da8       0x6c ./Middlewares/ST/STM32_USB_Device_Library/usbd_ctlreq.o
 .text.USBD_GetStatus
                0x08009e14       0x68 ./Middlewares/ST/STM32_USB_Device_Library/usbd_ctlreq.o
 .text.USBD_SetFeature
                0x08009e7c       0x52 ./Middlewares/ST/STM32_USB_Device_Library/usbd_ctlreq.o
 .text.USBD_ClrFeature
                0x08009ece       0x44 ./Middlewares/ST/STM32_USB_Device_Library/usbd_ctlreq.o
 .text.USBD_ParseSetupRequest
                0x08009f12       0x74 ./Middlewares/ST/STM32_USB_Device_Library/usbd_ctlreq.o
                0x08009f12                USBD_ParseSetupRequest
 .text.USBD_CtlError
                0x08009f86       0x22 ./Middlewares/ST/STM32_USB_Device_Library/usbd_ctlreq.o
                0x08009f86                USBD_CtlError
 .text.USBD_GetString
                0x08009fa8       0xa4 ./Middlewares/ST/STM32_USB_Device_Library/usbd_ctlreq.o
                0x08009fa8                USBD_GetString
 .text.USBD_GetLen
                0x0800a04c       0x34 ./Middlewares/ST/STM32_USB_Device_Library/usbd_ctlreq.o
 .text.USBD_CtlSendData
                0x0800a080       0x36 ./Middlewares/ST/STM32_USB_Device_Library/usbd_ioreq.o
                0x0800a080                USBD_CtlSendData
 .text.USBD_CtlContinueSendData
                0x0800a0b6       0x22 ./Middlewares/ST/STM32_USB_Device_Library/usbd_ioreq.o
                0x0800a0b6                USBD_CtlContinueSendData
 .text.USBD_CtlPrepareRx
                0x0800a0d8       0x3a ./Middlewares/ST/STM32_USB_Device_Library/usbd_ioreq.o
                0x0800a0d8                USBD_CtlPrepareRx
 .text.USBD_CtlContinueRx
                0x0800a112       0x22 ./Middlewares/ST/STM32_USB_Device_Library/usbd_ioreq.o
                0x0800a112                USBD_CtlContinueRx
 .text.USBD_CtlSendStatus
                0x0800a134       0x26 ./Middlewares/ST/STM32_USB_Device_Library/usbd_ioreq.o
                0x0800a134                USBD_CtlSendStatus
 .text.USBD_CtlReceiveStatus
                0x0800a15a       0x26 ./Middlewares/ST/STM32_USB_Device_Library/usbd_ioreq.o
                0x0800a15a                USBD_CtlReceiveStatus
 .text.MX_USB_DEVICE_Init
                0x0800a180       0x64 ./USB_DEVICE/App/usb_device.o
                0x0800a180                MX_USB_DEVICE_Init
 .text.CDC_Transmit_FS
                0x0800a1e4       0x4c ./USB_DEVICE/App/usbd_cdc_if.o
                0x0800a1e4                CDC_Transmit_FS
 .text.USBD_FS_DeviceDescriptor
                0x0800a230       0x24 ./USB_DEVICE/App/usbd_desc.o
                0x0800a230                USBD_FS_DeviceDescriptor
 .text.USBD_FS_LangIDStrDescriptor
                0x0800a254       0x24 ./USB_DEVICE/App/usbd_desc.o
                0x0800a254                USBD_FS_LangIDStrDescriptor
 .text.USBD_FS_ProductStrDescriptor
                0x0800a278       0x3c ./USB_DEVICE/App/usbd_desc.o
                0x0800a278                USBD_FS_ProductStrDescriptor
 .text.USBD_FS_ManufacturerStrDescriptor
                0x0800a2b4       0x28 ./USB_DEVICE/App/usbd_desc.o
                0x0800a2b4                USBD_FS_ManufacturerStrDescriptor
 .text.USBD_FS_SerialStrDescriptor
                0x0800a2dc       0x24 ./USB_DEVICE/App/usbd_desc.o
                0x0800a2dc                USBD_FS_SerialStrDescriptor
 .text.USBD_FS_ConfigStrDescriptor
                0x0800a300       0x3c ./USB_DEVICE/App/usbd_desc.o
                0x0800a300                USBD_FS_ConfigStrDescriptor
 .text.USBD_FS_InterfaceStrDescriptor
                0x0800a33c       0x3c ./USB_DEVICE/App/usbd_desc.o
                0x0800a33c                USBD_FS_InterfaceStrDescriptor
 .text.Get_SerialNum
                0x0800a378       0x58 ./USB_DEVICE/App/usbd_desc.o
 .text.IntToUnicode
                0x0800a3d0       0x7e ./USB_DEVICE/App/usbd_desc.o
 *fill*         0x0800a44e        0x2 
 .text.HAL_PCD_MspInit
                0x0800a450       0xe8 ./USB_DEVICE/Target/usbd_conf.o
                0x0800a450                HAL_PCD_MspInit
 .text.HAL_PCD_SetupStageCallback
                0x0800a538       0x24 ./USB_DEVICE/Target/usbd_conf.o
                0x0800a538                HAL_PCD_SetupStageCallback
 .text.HAL_PCD_DataOutStageCallback
                0x0800a55c       0x36 ./USB_DEVICE/Target/usbd_conf.o
                0x0800a55c                HAL_PCD_DataOutStageCallback
 .text.HAL_PCD_DataInStageCallback
                0x0800a592       0x34 ./USB_DEVICE/Target/usbd_conf.o
                0x0800a592                HAL_PCD_DataInStageCallback
 .text.HAL_PCD_SOFCallback
                0x0800a5c6       0x1c ./USB_DEVICE/Target/usbd_conf.o
                0x0800a5c6                HAL_PCD_SOFCallback
 .text.HAL_PCD_ResetCallback
                0x0800a5e2       0x50 ./USB_DEVICE/Target/usbd_conf.o
                0x0800a5e2                HAL_PCD_ResetCallback
 *fill*         0x0800a632        0x2 
 .text.HAL_PCD_SuspendCallback
                0x0800a634       0x4c ./USB_DEVICE/Target/usbd_conf.o
                0x0800a634                HAL_PCD_SuspendCallback
 .text.HAL_PCD_ResumeCallback
                0x0800a680       0x1c ./USB_DEVICE/Target/usbd_conf.o
                0x0800a680                HAL_PCD_ResumeCallback
 .text.HAL_PCD_ISOOUTIncompleteCallback
                0x0800a69c       0x24 ./USB_DEVICE/Target/usbd_conf.o
                0x0800a69c                HAL_PCD_ISOOUTIncompleteCallback
 .text.HAL_PCD_ISOINIncompleteCallback
                0x0800a6c0       0x24 ./USB_DEVICE/Target/usbd_conf.o
                0x0800a6c0                HAL_PCD_ISOINIncompleteCallback
 .text.HAL_PCD_ConnectCallback
                0x0800a6e4       0x1c ./USB_DEVICE/Target/usbd_conf.o
                0x0800a6e4                HAL_PCD_ConnectCallback
 .text.HAL_PCD_DisconnectCallback
                0x0800a700       0x1c ./USB_DEVICE/Target/usbd_conf.o
                0x0800a700                HAL_PCD_DisconnectCallback
 .text.USBD_LL_Init
                0x0800a71c       0xa0 ./USB_DEVICE/Target/usbd_conf.o
                0x0800a71c                USBD_LL_Init
 .text.USBD_LL_Start
                0x0800a7bc       0x36 ./USB_DEVICE/Target/usbd_conf.o
                0x0800a7bc                USBD_LL_Start
 .text.USBD_LL_OpenEP
                0x0800a7f2       0x4c ./USB_DEVICE/Target/usbd_conf.o
                0x0800a7f2                USBD_LL_OpenEP
 .text.USBD_LL_CloseEP
                0x0800a83e       0x3e ./USB_DEVICE/Target/usbd_conf.o
                0x0800a83e                USBD_LL_CloseEP
 .text.USBD_LL_StallEP
                0x0800a87c       0x3e ./USB_DEVICE/Target/usbd_conf.o
                0x0800a87c                USBD_LL_StallEP
 .text.USBD_LL_ClearStallEP
                0x0800a8ba       0x3e ./USB_DEVICE/Target/usbd_conf.o
                0x0800a8ba                USBD_LL_ClearStallEP
 .text.USBD_LL_IsStallEP
                0x0800a8f8       0x58 ./USB_DEVICE/Target/usbd_conf.o
                0x0800a8f8                USBD_LL_IsStallEP
 .text.USBD_LL_SetUSBAddress
                0x0800a950       0x3e ./USB_DEVICE/Target/usbd_conf.o
                0x0800a950                USBD_LL_SetUSBAddress
 .text.USBD_LL_Transmit
                0x0800a98e       0x42 ./USB_DEVICE/Target/usbd_conf.o
                0x0800a98e                USBD_LL_Transmit
 .text.USBD_LL_PrepareReceive
                0x0800a9d0       0x42 ./USB_DEVICE/Target/usbd_conf.o
                0x0800a9d0                USBD_LL_PrepareReceive
 .text.USBD_LL_GetRxDataSize
                0x0800aa12       0x26 ./USB_DEVICE/Target/usbd_conf.o
                0x0800aa12                USBD_LL_GetRxDataSize
 .text.USBD_static_malloc
                0x0800aa38       0x1c ./USB_DEVICE/Target/usbd_conf.o
                0x0800aa38                USBD_static_malloc
 .text.USBD_static_free
                0x0800aa54       0x14 ./USB_DEVICE/Target/usbd_conf.o
                0x0800aa54                USBD_static_free
 .text.USBD_Get_USB_Status
                0x0800aa68       0x58 ./USB_DEVICE/Target/usbd_conf.o
                0x0800aa68                USBD_Get_USB_Status
 .text.__cvt    0x0800aac0       0xa8 D:/STM32CubeIDE_1.16.0/STM32CubeIDE/plugins/com.st.stm32cube.ide.mcu.externaltools.gnu-tools-for-stm32.13.3.rel1.win32_1.0.0.202411081344/tools/bin/../lib/gcc/arm-none-eabi/13.3.1/../../../../arm-none-eabi/lib/thumb/v7e-m+dp/hard\libc_nano.a(libc_a-nano-vfprintf_float.o)
                0x0800aac0                __cvt
 .text.__exponent
                0x0800ab68       0x74 D:/STM32CubeIDE_1.16.0/STM32CubeIDE/plugins/com.st.stm32cube.ide.mcu.externaltools.gnu-tools-for-stm32.13.3.rel1.win32_1.0.0.202411081344/tools/bin/../lib/gcc/arm-none-eabi/13.3.1/../../../../arm-none-eabi/lib/thumb/v7e-m+dp/hard\libc_nano.a(libc_a-nano-vfprintf_float.o)
                0x0800ab68                __exponent
 *fill*         0x0800abdc        0x4 
 .text._printf_float
                0x0800abe0      0x434 D:/STM32CubeIDE_1.16.0/STM32CubeIDE/plugins/com.st.stm32cube.ide.mcu.externaltools.gnu-tools-for-stm32.13.3.rel1.win32_1.0.0.202411081344/tools/bin/../lib/gcc/arm-none-eabi/13.3.1/../../../../arm-none-eabi/lib/thumb/v7e-m+dp/hard\libc_nano.a(libc_a-nano-vfprintf_float.o)
                0x0800abe0                _printf_float
 .text._printf_common
                0x0800b014       0xda D:/STM32CubeIDE_1.16.0/STM32CubeIDE/plugins/com.st.stm32cube.ide.mcu.externaltools.gnu-tools-for-stm32.13.3.rel1.win32_1.0.0.202411081344/tools/bin/../lib/gcc/arm-none-eabi/13.3.1/../../../../arm-none-eabi/lib/thumb/v7e-m+dp/hard\libc_nano.a(libc_a-nano-vfprintf_i.o)
                0x0800b014                _printf_common
 *fill*         0x0800b0ee        0x2 
 .text._printf_i
                0x0800b0f0      0x23c D:/STM32CubeIDE_1.16.0/STM32CubeIDE/plugins/com.st.stm32cube.ide.mcu.externaltools.gnu-tools-for-stm32.13.3.rel1.win32_1.0.0.202411081344/tools/bin/../lib/gcc/arm-none-eabi/13.3.1/../../../../arm-none-eabi/lib/thumb/v7e-m+dp/hard\libc_nano.a(libc_a-nano-vfprintf_i.o)
                0x0800b0f0                _printf_i
 .text.std      0x0800b32c       0x6c D:/STM32CubeIDE_1.16.0/STM32CubeIDE/plugins/com.st.stm32cube.ide.mcu.externaltools.gnu-tools-for-stm32.13.3.rel1.win32_1.0.0.202411081344/tools/bin/../lib/gcc/arm-none-eabi/13.3.1/../../../../arm-none-eabi/lib/thumb/v7e-m+dp/hard\libc_nano.a(libc_a-findfp.o)
 .text.stdio_exit_handler
                0x0800b398       0x18 D:/STM32CubeIDE_1.16.0/STM32CubeIDE/plugins/com.st.stm32cube.ide.mcu.externaltools.gnu-tools-for-stm32.13.3.rel1.win32_1.0.0.202411081344/tools/bin/../lib/gcc/arm-none-eabi/13.3.1/../../../../arm-none-eabi/lib/thumb/v7e-m+dp/hard\libc_nano.a(libc_a-findfp.o)
 .text.cleanup_stdio
                0x0800b3b0       0x40 D:/STM32CubeIDE_1.16.0/STM32CubeIDE/plugins/com.st.stm32cube.ide.mcu.externaltools.gnu-tools-for-stm32.13.3.rel1.win32_1.0.0.202411081344/tools/bin/../lib/gcc/arm-none-eabi/13.3.1/../../../../arm-none-eabi/lib/thumb/v7e-m+dp/hard\libc_nano.a(libc_a-findfp.o)
 .text.global_stdio_init.part.0
                0x0800b3f0       0x3c D:/STM32CubeIDE_1.16.0/STM32CubeIDE/plugins/com.st.stm32cube.ide.mcu.externaltools.gnu-tools-for-stm32.13.3.rel1.win32_1.0.0.202411081344/tools/bin/../lib/gcc/arm-none-eabi/13.3.1/../../../../arm-none-eabi/lib/thumb/v7e-m+dp/hard\libc_nano.a(libc_a-findfp.o)
 .text.__sfp_lock_acquire
                0x0800b42c        0xc D:/STM32CubeIDE_1.16.0/STM32CubeIDE/plugins/com.st.stm32cube.ide.mcu.externaltools.gnu-tools-for-stm32.13.3.rel1.win32_1.0.0.202411081344/tools/bin/../lib/gcc/arm-none-eabi/13.3.1/../../../../arm-none-eabi/lib/thumb/v7e-m+dp/hard\libc_nano.a(libc_a-findfp.o)
                0x0800b42c                __sfp_lock_acquire
 .text.__sfp_lock_release
                0x0800b438        0xc D:/STM32CubeIDE_1.16.0/STM32CubeIDE/plugins/com.st.stm32cube.ide.mcu.externaltools.gnu-tools-for-stm32.13.3.rel1.win32_1.0.0.202411081344/tools/bin/../lib/gcc/arm-none-eabi/13.3.1/../../../../arm-none-eabi/lib/thumb/v7e-m+dp/hard\libc_nano.a(libc_a-findfp.o)
                0x0800b438                __sfp_lock_release
 .text.__sinit  0x0800b444       0x30 D:/STM32CubeIDE_1.16.0/STM32CubeIDE/plugins/com.st.stm32cube.ide.mcu.externaltools.gnu-tools-for-stm32.13.3.rel1.win32_1.0.0.202411081344/tools/bin/../lib/gcc/arm-none-eabi/13.3.1/../../../../arm-none-eabi/lib/thumb/v7e-m+dp/hard\libc_nano.a(libc_a-findfp.o)
                0x0800b444                __sinit
 .text._fwalk_sglue
                0x0800b474       0x3c D:/STM32CubeIDE_1.16.0/STM32CubeIDE/plugins/com.st.stm32cube.ide.mcu.externaltools.gnu-tools-for-stm32.13.3.rel1.win32_1.0.0.202411081344/tools/bin/../lib/gcc/arm-none-eabi/13.3.1/../../../../arm-none-eabi/lib/thumb/v7e-m+dp/hard\libc_nano.a(libc_a-fwalk.o)
                0x0800b474                _fwalk_sglue
 .text.snprintf
                0x0800b4b0       0x6c D:/STM32CubeIDE_1.16.0/STM32CubeIDE/plugins/com.st.stm32cube.ide.mcu.externaltools.gnu-tools-for-stm32.13.3.rel1.win32_1.0.0.202411081344/tools/bin/../lib/gcc/arm-none-eabi/13.3.1/../../../../arm-none-eabi/lib/thumb/v7e-m+dp/hard\libc_nano.a(libc_a-snprintf.o)
                0x0800b4b0                sniprintf
                0x0800b4b0                snprintf
 .text.__sread  0x0800b51c       0x22 D:/STM32CubeIDE_1.16.0/STM32CubeIDE/plugins/com.st.stm32cube.ide.mcu.externaltools.gnu-tools-for-stm32.13.3.rel1.win32_1.0.0.202411081344/tools/bin/../lib/gcc/arm-none-eabi/13.3.1/../../../../arm-none-eabi/lib/thumb/v7e-m+dp/hard\libc_nano.a(libc_a-stdio.o)
                0x0800b51c                __sread
 .text.__swrite
                0x0800b53e       0x38 D:/STM32CubeIDE_1.16.0/STM32CubeIDE/plugins/com.st.stm32cube.ide.mcu.externaltools.gnu-tools-for-stm32.13.3.rel1.win32_1.0.0.202411081344/tools/bin/../lib/gcc/arm-none-eabi/13.3.1/../../../../arm-none-eabi/lib/thumb/v7e-m+dp/hard\libc_nano.a(libc_a-stdio.o)
                0x0800b53e                __swrite
 .text.__sseek  0x0800b576       0x24 D:/STM32CubeIDE_1.16.0/STM32CubeIDE/plugins/com.st.stm32cube.ide.mcu.externaltools.gnu-tools-for-stm32.13.3.rel1.win32_1.0.0.202411081344/tools/bin/../lib/gcc/arm-none-eabi/13.3.1/../../../../arm-none-eabi/lib/thumb/v7e-m+dp/hard\libc_nano.a(libc_a-stdio.o)
                0x0800b576                __sseek
 .text.__sclose
                0x0800b59a        0x8 D:/STM32CubeIDE_1.16.0/STM32CubeIDE/plugins/com.st.stm32cube.ide.mcu.externaltools.gnu-tools-for-stm32.13.3.rel1.win32_1.0.0.202411081344/tools/bin/../lib/gcc/arm-none-eabi/13.3.1/../../../../arm-none-eabi/lib/thumb/v7e-m+dp/hard\libc_nano.a(libc_a-stdio.o)
                0x0800b59a                __sclose
 .text._vsnprintf_r
                0x0800b5a2       0x5c D:/STM32CubeIDE_1.16.0/STM32CubeIDE/plugins/com.st.stm32cube.ide.mcu.externaltools.gnu-tools-for-stm32.13.3.rel1.win32_1.0.0.202411081344/tools/bin/../lib/gcc/arm-none-eabi/13.3.1/../../../../arm-none-eabi/lib/thumb/v7e-m+dp/hard\libc_nano.a(libc_a-vsnprintf.o)
                0x0800b5a2                _vsniprintf_r
                0x0800b5a2                _vsnprintf_r
 *fill*         0x0800b5fe        0x2 
 .text.vsnprintf
                0x0800b600       0x1c D:/STM32CubeIDE_1.16.0/STM32CubeIDE/plugins/com.st.stm32cube.ide.mcu.externaltools.gnu-tools-for-stm32.13.3.rel1.win32_1.0.0.202411081344/tools/bin/../lib/gcc/arm-none-eabi/13.3.1/../../../../arm-none-eabi/lib/thumb/v7e-m+dp/hard\libc_nano.a(libc_a-vsnprintf.o)
                0x0800b600                vsniprintf
                0x0800b600                vsnprintf
 .text.memset   0x0800b61c       0x10 D:/STM32CubeIDE_1.16.0/STM32CubeIDE/plugins/com.st.stm32cube.ide.mcu.externaltools.gnu-tools-for-stm32.13.3.rel1.win32_1.0.0.202411081344/tools/bin/../lib/gcc/arm-none-eabi/13.3.1/../../../../arm-none-eabi/lib/thumb/v7e-m+dp/hard\libc_nano.a(libc_a-memset.o)
                0x0800b61c                memset
 .text._localeconv_r
                0x0800b62c        0x8 D:/STM32CubeIDE_1.16.0/STM32CubeIDE/plugins/com.st.stm32cube.ide.mcu.externaltools.gnu-tools-for-stm32.13.3.rel1.win32_1.0.0.202411081344/tools/bin/../lib/gcc/arm-none-eabi/13.3.1/../../../../arm-none-eabi/lib/thumb/v7e-m+dp/hard\libc_nano.a(libc_a-localeconv.o)
                0x0800b62c                _localeconv_r
 .text._close_r
                0x0800b634       0x20 D:/STM32CubeIDE_1.16.0/STM32CubeIDE/plugins/com.st.stm32cube.ide.mcu.externaltools.gnu-tools-for-stm32.13.3.rel1.win32_1.0.0.202411081344/tools/bin/../lib/gcc/arm-none-eabi/13.3.1/../../../../arm-none-eabi/lib/thumb/v7e-m+dp/hard\libc_nano.a(libc_a-closer.o)
                0x0800b634                _close_r
 .text._lseek_r
                0x0800b654       0x24 D:/STM32CubeIDE_1.16.0/STM32CubeIDE/plugins/com.st.stm32cube.ide.mcu.externaltools.gnu-tools-for-stm32.13.3.rel1.win32_1.0.0.202411081344/tools/bin/../lib/gcc/arm-none-eabi/13.3.1/../../../../arm-none-eabi/lib/thumb/v7e-m+dp/hard\libc_nano.a(libc_a-lseekr.o)
                0x0800b654                _lseek_r
 .text._read_r  0x0800b678       0x24 D:/STM32CubeIDE_1.16.0/STM32CubeIDE/plugins/com.st.stm32cube.ide.mcu.externaltools.gnu-tools-for-stm32.13.3.rel1.win32_1.0.0.202411081344/tools/bin/../lib/gcc/arm-none-eabi/13.3.1/../../../../arm-none-eabi/lib/thumb/v7e-m+dp/hard\libc_nano.a(libc_a-readr.o)
                0x0800b678                _read_r
 .text._write_r
                0x0800b69c       0x24 D:/STM32CubeIDE_1.16.0/STM32CubeIDE/plugins/com.st.stm32cube.ide.mcu.externaltools.gnu-tools-for-stm32.13.3.rel1.win32_1.0.0.202411081344/tools/bin/../lib/gcc/arm-none-eabi/13.3.1/../../../../arm-none-eabi/lib/thumb/v7e-m+dp/hard\libc_nano.a(libc_a-writer.o)
                0x0800b69c                _write_r
 .text.__errno  0x0800b6c0        0xc D:/STM32CubeIDE_1.16.0/STM32CubeIDE/plugins/com.st.stm32cube.ide.mcu.externaltools.gnu-tools-for-stm32.13.3.rel1.win32_1.0.0.202411081344/tools/bin/../lib/gcc/arm-none-eabi/13.3.1/../../../../arm-none-eabi/lib/thumb/v7e-m+dp/hard\libc_nano.a(libc_a-errno.o)
                0x0800b6c0                __errno
 .text.__libc_init_array
                0x0800b6cc       0x48 D:/STM32CubeIDE_1.16.0/STM32CubeIDE/plugins/com.st.stm32cube.ide.mcu.externaltools.gnu-tools-for-stm32.13.3.rel1.win32_1.0.0.202411081344/tools/bin/../lib/gcc/arm-none-eabi/13.3.1/../../../../arm-none-eabi/lib/thumb/v7e-m+dp/hard\libc_nano.a(libc_a-init.o)
                0x0800b6cc                __libc_init_array
 .text.__retarget_lock_init_recursive
                0x0800b714        0x2 D:/STM32CubeIDE_1.16.0/STM32CubeIDE/plugins/com.st.stm32cube.ide.mcu.externaltools.gnu-tools-for-stm32.13.3.rel1.win32_1.0.0.202411081344/tools/bin/../lib/gcc/arm-none-eabi/13.3.1/../../../../arm-none-eabi/lib/thumb/v7e-m+dp/hard\libc_nano.a(libc_a-lock.o)
                0x0800b714                __retarget_lock_init_recursive
 .text.__retarget_lock_acquire_recursive
                0x0800b716        0x2 D:/STM32CubeIDE_1.16.0/STM32CubeIDE/plugins/com.st.stm32cube.ide.mcu.externaltools.gnu-tools-for-stm32.13.3.rel1.win32_1.0.0.202411081344/tools/bin/../lib/gcc/arm-none-eabi/13.3.1/../../../../arm-none-eabi/lib/thumb/v7e-m+dp/hard\libc_nano.a(libc_a-lock.o)
                0x0800b716                __retarget_lock_acquire_recursive
 .text.__retarget_lock_release_recursive
                0x0800b718        0x2 D:/STM32CubeIDE_1.16.0/STM32CubeIDE/plugins/com.st.stm32cube.ide.mcu.externaltools.gnu-tools-for-stm32.13.3.rel1.win32_1.0.0.202411081344/tools/bin/../lib/gcc/arm-none-eabi/13.3.1/../../../../arm-none-eabi/lib/thumb/v7e-m+dp/hard\libc_nano.a(libc_a-lock.o)
                0x0800b718                __retarget_lock_release_recursive
 .text.quorem   0x0800b71a      0x110 D:/STM32CubeIDE_1.16.0/STM32CubeIDE/plugins/com.st.stm32cube.ide.mcu.externaltools.gnu-tools-for-stm32.13.3.rel1.win32_1.0.0.202411081344/tools/bin/../lib/gcc/arm-none-eabi/13.3.1/../../../../arm-none-eabi/lib/thumb/v7e-m+dp/hard\libc_nano.a(libc_a-dtoa.o)
 *fill*         0x0800b82a        0x6 
 .text._dtoa_r  0x0800b830      0xabc D:/STM32CubeIDE_1.16.0/STM32CubeIDE/plugins/com.st.stm32cube.ide.mcu.externaltools.gnu-tools-for-stm32.13.3.rel1.win32_1.0.0.202411081344/tools/bin/../lib/gcc/arm-none-eabi/13.3.1/../../../../arm-none-eabi/lib/thumb/v7e-m+dp/hard\libc_nano.a(libc_a-dtoa.o)
                0x0800b830                _dtoa_r
 .text._free_r  0x0800c2ec       0x94 D:/STM32CubeIDE_1.16.0/STM32CubeIDE/plugins/com.st.stm32cube.ide.mcu.externaltools.gnu-tools-for-stm32.13.3.rel1.win32_1.0.0.202411081344/tools/bin/../lib/gcc/arm-none-eabi/13.3.1/../../../../arm-none-eabi/lib/thumb/v7e-m+dp/hard\libc_nano.a(libc_a-freer.o)
                0x0800c2ec                _free_r
 .text.malloc   0x0800c380       0x10 D:/STM32CubeIDE_1.16.0/STM32CubeIDE/plugins/com.st.stm32cube.ide.mcu.externaltools.gnu-tools-for-stm32.13.3.rel1.win32_1.0.0.202411081344/tools/bin/../lib/gcc/arm-none-eabi/13.3.1/../../../../arm-none-eabi/lib/thumb/v7e-m+dp/hard\libc_nano.a(libc_a-malloc.o)
                0x0800c380                malloc
 .text.sbrk_aligned
                0x0800c390       0x44 D:/STM32CubeIDE_1.16.0/STM32CubeIDE/plugins/com.st.stm32cube.ide.mcu.externaltools.gnu-tools-for-stm32.13.3.rel1.win32_1.0.0.202411081344/tools/bin/../lib/gcc/arm-none-eabi/13.3.1/../../../../arm-none-eabi/lib/thumb/v7e-m+dp/hard\libc_nano.a(libc_a-mallocr.o)
 .text._malloc_r
                0x0800c3d4      0x100 D:/STM32CubeIDE_1.16.0/STM32CubeIDE/plugins/com.st.stm32cube.ide.mcu.externaltools.gnu-tools-for-stm32.13.3.rel1.win32_1.0.0.202411081344/tools/bin/../lib/gcc/arm-none-eabi/13.3.1/../../../../arm-none-eabi/lib/thumb/v7e-m+dp/hard\libc_nano.a(libc_a-mallocr.o)
                0x0800c3d4                _malloc_r
 .text.__malloc_lock
                0x0800c4d4        0xc D:/STM32CubeIDE_1.16.0/STM32CubeIDE/plugins/com.st.stm32cube.ide.mcu.externaltools.gnu-tools-for-stm32.13.3.rel1.win32_1.0.0.202411081344/tools/bin/../lib/gcc/arm-none-eabi/13.3.1/../../../../arm-none-eabi/lib/thumb/v7e-m+dp/hard\libc_nano.a(libc_a-mlock.o)
                0x0800c4d4                __malloc_lock
 .text.__malloc_unlock
                0x0800c4e0        0xc D:/STM32CubeIDE_1.16.0/STM32CubeIDE/plugins/com.st.stm32cube.ide.mcu.externaltools.gnu-tools-for-stm32.13.3.rel1.win32_1.0.0.202411081344/tools/bin/../lib/gcc/arm-none-eabi/13.3.1/../../../../arm-none-eabi/lib/thumb/v7e-m+dp/hard\libc_nano.a(libc_a-mlock.o)
                0x0800c4e0                __malloc_unlock
 .text._Balloc  0x0800c4ec       0x80 D:/STM32CubeIDE_1.16.0/STM32CubeIDE/plugins/com.st.stm32cube.ide.mcu.externaltools.gnu-tools-for-stm32.13.3.rel1.win32_1.0.0.202411081344/tools/bin/../lib/gcc/arm-none-eabi/13.3.1/../../../../arm-none-eabi/lib/thumb/v7e-m+dp/hard\libc_nano.a(libc_a-mprec.o)
                0x0800c4ec                _Balloc
 .text._Bfree   0x0800c56c       0x44 D:/STM32CubeIDE_1.16.0/STM32CubeIDE/plugins/com.st.stm32cube.ide.mcu.externaltools.gnu-tools-for-stm32.13.3.rel1.win32_1.0.0.202411081344/tools/bin/../lib/gcc/arm-none-eabi/13.3.1/../../../../arm-none-eabi/lib/thumb/v7e-m+dp/hard\libc_nano.a(libc_a-mprec.o)
                0x0800c56c                _Bfree
 .text.__multadd
                0x0800c5b0       0x8c D:/STM32CubeIDE_1.16.0/STM32CubeIDE/plugins/com.st.stm32cube.ide.mcu.externaltools.gnu-tools-for-stm32.13.3.rel1.win32_1.0.0.202411081344/tools/bin/../lib/gcc/arm-none-eabi/13.3.1/../../../../arm-none-eabi/lib/thumb/v7e-m+dp/hard\libc_nano.a(libc_a-mprec.o)
                0x0800c5b0                __multadd
 .text.__hi0bits
                0x0800c63c       0x3e D:/STM32CubeIDE_1.16.0/STM32CubeIDE/plugins/com.st.stm32cube.ide.mcu.externaltools.gnu-tools-for-stm32.13.3.rel1.win32_1.0.0.202411081344/tools/bin/../lib/gcc/arm-none-eabi/13.3.1/../../../../arm-none-eabi/lib/thumb/v7e-m+dp/hard\libc_nano.a(libc_a-mprec.o)
                0x0800c63c                __hi0bits
 .text.__lo0bits
                0x0800c67a       0x5a D:/STM32CubeIDE_1.16.0/STM32CubeIDE/plugins/com.st.stm32cube.ide.mcu.externaltools.gnu-tools-for-stm32.13.3.rel1.win32_1.0.0.202411081344/tools/bin/../lib/gcc/arm-none-eabi/13.3.1/../../../../arm-none-eabi/lib/thumb/v7e-m+dp/hard\libc_nano.a(libc_a-mprec.o)
                0x0800c67a                __lo0bits
 .text.__i2b    0x0800c6d4       0x2c D:/STM32CubeIDE_1.16.0/STM32CubeIDE/plugins/com.st.stm32cube.ide.mcu.externaltools.gnu-tools-for-stm32.13.3.rel1.win32_1.0.0.202411081344/tools/bin/../lib/gcc/arm-none-eabi/13.3.1/../../../../arm-none-eabi/lib/thumb/v7e-m+dp/hard\libc_nano.a(libc_a-mprec.o)
                0x0800c6d4                __i2b
 .text.__multiply
                0x0800c700      0x144 D:/STM32CubeIDE_1.16.0/STM32CubeIDE/plugins/com.st.stm32cube.ide.mcu.externaltools.gnu-tools-for-stm32.13.3.rel1.win32_1.0.0.202411081344/tools/bin/../lib/gcc/arm-none-eabi/13.3.1/../../../../arm-none-eabi/lib/thumb/v7e-m+dp/hard\libc_nano.a(libc_a-mprec.o)
                0x0800c700                __multiply
 .text.__pow5mult
                0x0800c844       0xb4 D:/STM32CubeIDE_1.16.0/STM32CubeIDE/plugins/com.st.stm32cube.ide.mcu.externaltools.gnu-tools-for-stm32.13.3.rel1.win32_1.0.0.202411081344/tools/bin/../lib/gcc/arm-none-eabi/13.3.1/../../../../arm-none-eabi/lib/thumb/v7e-m+dp/hard\libc_nano.a(libc_a-mprec.o)
                0x0800c844                __pow5mult
 .text.__lshift
                0x0800c8f8       0xd8 D:/STM32CubeIDE_1.16.0/STM32CubeIDE/plugins/com.st.stm32cube.ide.mcu.externaltools.gnu-tools-for-stm32.13.3.rel1.win32_1.0.0.202411081344/tools/bin/../lib/gcc/arm-none-eabi/13.3.1/../../../../arm-none-eabi/lib/thumb/v7e-m+dp/hard\libc_nano.a(libc_a-mprec.o)
                0x0800c8f8                __lshift
 .text.__mcmp   0x0800c9d0       0x36 D:/STM32CubeIDE_1.16.0/STM32CubeIDE/plugins/com.st.stm32cube.ide.mcu.externaltools.gnu-tools-for-stm32.13.3.rel1.win32_1.0.0.202411081344/tools/bin/../lib/gcc/arm-none-eabi/13.3.1/../../../../arm-none-eabi/lib/thumb/v7e-m+dp/hard\libc_nano.a(libc_a-mprec.o)
                0x0800c9d0                __mcmp
 *fill*         0x0800ca06        0x2 
 .text.__mdiff  0x0800ca08      0x128 D:/STM32CubeIDE_1.16.0/STM32CubeIDE/plugins/com.st.stm32cube.ide.mcu.externaltools.gnu-tools-for-stm32.13.3.rel1.win32_1.0.0.202411081344/tools/bin/../lib/gcc/arm-none-eabi/13.3.1/../../../../arm-none-eabi/lib/thumb/v7e-m+dp/hard\libc_nano.a(libc_a-mprec.o)
                0x0800ca08                __mdiff
 .text.__d2b    0x0800cb30       0xb0 D:/STM32CubeIDE_1.16.0/STM32CubeIDE/plugins/com.st.stm32cube.ide.mcu.externaltools.gnu-tools-for-stm32.13.3.rel1.win32_1.0.0.202411081344/tools/bin/../lib/gcc/arm-none-eabi/13.3.1/../../../../arm-none-eabi/lib/thumb/v7e-m+dp/hard\libc_nano.a(libc_a-mprec.o)
                0x0800cb30                __d2b
 .text.__ssputs_r
                0x0800cbe0       0xb6 D:/STM32CubeIDE_1.16.0/STM32CubeIDE/plugins/com.st.stm32cube.ide.mcu.externaltools.gnu-tools-for-stm32.13.3.rel1.win32_1.0.0.202411081344/tools/bin/../lib/gcc/arm-none-eabi/13.3.1/../../../../arm-none-eabi/lib/thumb/v7e-m+dp/hard\libc_nano.a(libc_a-nano-svfprintf.o)
                0x0800cbe0                __ssputs_r
 *fill*         0x0800cc96        0x2 
 .text._svfprintf_r
                0x0800cc98      0x1f8 D:/STM32CubeIDE_1.16.0/STM32CubeIDE/plugins/com.st.stm32cube.ide.mcu.externaltools.gnu-tools-for-stm32.13.3.rel1.win32_1.0.0.202411081344/tools/bin/../lib/gcc/arm-none-eabi/13.3.1/../../../../arm-none-eabi/lib/thumb/v7e-m+dp/hard\libc_nano.a(libc_a-nano-svfprintf.o)
                0x0800cc98                _svfiprintf_r
                0x0800cc98                _svfprintf_r
 .text.__sflush_r
                0x0800ce90      0x108 D:/STM32CubeIDE_1.16.0/STM32CubeIDE/plugins/com.st.stm32cube.ide.mcu.externaltools.gnu-tools-for-stm32.13.3.rel1.win32_1.0.0.202411081344/tools/bin/../lib/gcc/arm-none-eabi/13.3.1/../../../../arm-none-eabi/lib/thumb/v7e-m+dp/hard\libc_nano.a(libc_a-fflush.o)
                0x0800ce90                __sflush_r
 .text._fflush_r
                0x0800cf98       0x50 D:/STM32CubeIDE_1.16.0/STM32CubeIDE/plugins/com.st.stm32cube.ide.mcu.externaltools.gnu-tools-for-stm32.13.3.rel1.win32_1.0.0.202411081344/tools/bin/../lib/gcc/arm-none-eabi/13.3.1/../../../../arm-none-eabi/lib/thumb/v7e-m+dp/hard\libc_nano.a(libc_a-fflush.o)
                0x0800cf98                _fflush_r
 .text.memmove  0x0800cfe8       0x34 D:/STM32CubeIDE_1.16.0/STM32CubeIDE/plugins/com.st.stm32cube.ide.mcu.externaltools.gnu-tools-for-stm32.13.3.rel1.win32_1.0.0.202411081344/tools/bin/../lib/gcc/arm-none-eabi/13.3.1/../../../../arm-none-eabi/lib/thumb/v7e-m+dp/hard\libc_nano.a(libc_a-memmove.o)
                0x0800cfe8                memmove
 .text._sbrk_r  0x0800d01c       0x20 D:/STM32CubeIDE_1.16.0/STM32CubeIDE/plugins/com.st.stm32cube.ide.mcu.externaltools.gnu-tools-for-stm32.13.3.rel1.win32_1.0.0.202411081344/tools/bin/../lib/gcc/arm-none-eabi/13.3.1/../../../../arm-none-eabi/lib/thumb/v7e-m+dp/hard\libc_nano.a(libc_a-sbrkr.o)
                0x0800d01c                _sbrk_r
 .text.memcpy   0x0800d03c       0x1c D:/STM32CubeIDE_1.16.0/STM32CubeIDE/plugins/com.st.stm32cube.ide.mcu.externaltools.gnu-tools-for-stm32.13.3.rel1.win32_1.0.0.202411081344/tools/bin/../lib/gcc/arm-none-eabi/13.3.1/../../../../arm-none-eabi/lib/thumb/v7e-m+dp/hard\libc_nano.a(libc_a-memcpy-stub.o)
                0x0800d03c                memcpy
 .text.__assert_func
                0x0800d058       0x3c D:/STM32CubeIDE_1.16.0/STM32CubeIDE/plugins/com.st.stm32cube.ide.mcu.externaltools.gnu-tools-for-stm32.13.3.rel1.win32_1.0.0.202411081344/tools/bin/../lib/gcc/arm-none-eabi/13.3.1/../../../../arm-none-eabi/lib/thumb/v7e-m+dp/hard\libc_nano.a(libc_a-assert.o)
                0x0800d058                __assert_func
 .text._calloc_r
                0x0800d094       0x28 D:/STM32CubeIDE_1.16.0/STM32CubeIDE/plugins/com.st.stm32cube.ide.mcu.externaltools.gnu-tools-for-stm32.13.3.rel1.win32_1.0.0.202411081344/tools/bin/../lib/gcc/arm-none-eabi/13.3.1/../../../../arm-none-eabi/lib/thumb/v7e-m+dp/hard\libc_nano.a(libc_a-callocr.o)
                0x0800d094                _calloc_r
 .text.__ascii_mbtowc
                0x0800d0bc       0x24 D:/STM32CubeIDE_1.16.0/STM32CubeIDE/plugins/com.st.stm32cube.ide.mcu.externaltools.gnu-tools-for-stm32.13.3.rel1.win32_1.0.0.202411081344/tools/bin/../lib/gcc/arm-none-eabi/13.3.1/../../../../arm-none-eabi/lib/thumb/v7e-m+dp/hard\libc_nano.a(libc_a-mbtowc_r.o)
                0x0800d0bc                __ascii_mbtowc
 .text._realloc_r
                0x0800d0e0       0x5c D:/STM32CubeIDE_1.16.0/STM32CubeIDE/plugins/com.st.stm32cube.ide.mcu.externaltools.gnu-tools-for-stm32.13.3.rel1.win32_1.0.0.202411081344/tools/bin/../lib/gcc/arm-none-eabi/13.3.1/../../../../arm-none-eabi/lib/thumb/v7e-m+dp/hard\libc_nano.a(libc_a-reallocr.o)
                0x0800d0e0                _realloc_r
 .text.__ascii_wctomb
                0x0800d13c       0x1a D:/STM32CubeIDE_1.16.0/STM32CubeIDE/plugins/com.st.stm32cube.ide.mcu.externaltools.gnu-tools-for-stm32.13.3.rel1.win32_1.0.0.202411081344/tools/bin/../lib/gcc/arm-none-eabi/13.3.1/../../../../arm-none-eabi/lib/thumb/v7e-m+dp/hard\libc_nano.a(libc_a-wctomb_r.o)
                0x0800d13c                __ascii_wctomb
 *fill*         0x0800d156        0x2 
 .text.fprintf  0x0800d158       0x24 D:/STM32CubeIDE_1.16.0/STM32CubeIDE/plugins/com.st.stm32cube.ide.mcu.externaltools.gnu-tools-for-stm32.13.3.rel1.win32_1.0.0.202411081344/tools/bin/../lib/gcc/arm-none-eabi/13.3.1/../../../../arm-none-eabi/lib/thumb/v7e-m+dp/hard\libc_nano.a(libc_a-fprintf.o)
                0x0800d158                fiprintf
                0x0800d158                fprintf
 .text.abort    0x0800d17c        0xe D:/STM32CubeIDE_1.16.0/STM32CubeIDE/plugins/com.st.stm32cube.ide.mcu.externaltools.gnu-tools-for-stm32.13.3.rel1.win32_1.0.0.202411081344/tools/bin/../lib/gcc/arm-none-eabi/13.3.1/../../../../arm-none-eabi/lib/thumb/v7e-m+dp/hard\libc_nano.a(libc_a-abort.o)
                0x0800d17c                abort
 .text._malloc_usable_size_r
                0x0800d18a       0x10 D:/STM32CubeIDE_1.16.0/STM32CubeIDE/plugins/com.st.stm32cube.ide.mcu.externaltools.gnu-tools-for-stm32.13.3.rel1.win32_1.0.0.202411081344/tools/bin/../lib/gcc/arm-none-eabi/13.3.1/../../../../arm-none-eabi/lib/thumb/v7e-m+dp/hard\libc_nano.a(libc_a-msizer.o)
                0x0800d18a                _malloc_usable_size_r
 .text.__sfputc_r
                0x0800d19a       0x2e D:/STM32CubeIDE_1.16.0/STM32CubeIDE/plugins/com.st.stm32cube.ide.mcu.externaltools.gnu-tools-for-stm32.13.3.rel1.win32_1.0.0.202411081344/tools/bin/../lib/gcc/arm-none-eabi/13.3.1/../../../../arm-none-eabi/lib/thumb/v7e-m+dp/hard\libc_nano.a(libc_a-nano-vfprintf.o)
 .text.__sfputs_r
                0x0800d1c8       0x24 D:/STM32CubeIDE_1.16.0/STM32CubeIDE/plugins/com.st.stm32cube.ide.mcu.externaltools.gnu-tools-for-stm32.13.3.rel1.win32_1.0.0.202411081344/tools/bin/../lib/gcc/arm-none-eabi/13.3.1/../../../../arm-none-eabi/lib/thumb/v7e-m+dp/hard\libc_nano.a(libc_a-nano-vfprintf.o)
                0x0800d1c8                __sfputs_r
 .text._vfprintf_r
                0x0800d1ec      0x230 D:/STM32CubeIDE_1.16.0/STM32CubeIDE/plugins/com.st.stm32cube.ide.mcu.externaltools.gnu-tools-for-stm32.13.3.rel1.win32_1.0.0.202411081344/tools/bin/../lib/gcc/arm-none-eabi/13.3.1/../../../../arm-none-eabi/lib/thumb/v7e-m+dp/hard\libc_nano.a(libc_a-nano-vfprintf.o)
                0x0800d1ec                _vfprintf_r
                0x0800d1ec                _vfiprintf_r
 .text.__swbuf_r
                0x0800d41c       0x7c D:/STM32CubeIDE_1.16.0/STM32CubeIDE/plugins/com.st.stm32cube.ide.mcu.externaltools.gnu-tools-for-stm32.13.3.rel1.win32_1.0.0.202411081344/tools/bin/../lib/gcc/arm-none-eabi/13.3.1/../../../../arm-none-eabi/lib/thumb/v7e-m+dp/hard\libc_nano.a(libc_a-wbuf.o)
                0x0800d41c                __swbuf_r
 .text.__swsetup_r
                0x0800d498       0xac D:/STM32CubeIDE_1.16.0/STM32CubeIDE/plugins/com.st.stm32cube.ide.mcu.externaltools.gnu-tools-for-stm32.13.3.rel1.win32_1.0.0.202411081344/tools/bin/../lib/gcc/arm-none-eabi/13.3.1/../../../../arm-none-eabi/lib/thumb/v7e-m+dp/hard\libc_nano.a(libc_a-wsetup.o)
                0x0800d498                __swsetup_r
 .text._raise_r
                0x0800d544       0x50 D:/STM32CubeIDE_1.16.0/STM32CubeIDE/plugins/com.st.stm32cube.ide.mcu.externaltools.gnu-tools-for-stm32.13.3.rel1.win32_1.0.0.202411081344/tools/bin/../lib/gcc/arm-none-eabi/13.3.1/../../../../arm-none-eabi/lib/thumb/v7e-m+dp/hard\libc_nano.a(libc_a-signal.o)
                0x0800d544                _raise_r
 .text.raise    0x0800d594       0x10 D:/STM32CubeIDE_1.16.0/STM32CubeIDE/plugins/com.st.stm32cube.ide.mcu.externaltools.gnu-tools-for-stm32.13.3.rel1.win32_1.0.0.202411081344/tools/bin/../lib/gcc/arm-none-eabi/13.3.1/../../../../arm-none-eabi/lib/thumb/v7e-m+dp/hard\libc_nano.a(libc_a-signal.o)
                0x0800d594                raise
 .text._kill_r  0x0800d5a4       0x24 D:/STM32CubeIDE_1.16.0/STM32CubeIDE/plugins/com.st.stm32cube.ide.mcu.externaltools.gnu-tools-for-stm32.13.3.rel1.win32_1.0.0.202411081344/tools/bin/../lib/gcc/arm-none-eabi/13.3.1/../../../../arm-none-eabi/lib/thumb/v7e-m+dp/hard\libc_nano.a(libc_a-signalr.o)
                0x0800d5a4                _kill_r
 .text._getpid_r
                0x0800d5c8        0x4 D:/STM32CubeIDE_1.16.0/STM32CubeIDE/plugins/com.st.stm32cube.ide.mcu.externaltools.gnu-tools-for-stm32.13.3.rel1.win32_1.0.0.202411081344/tools/bin/../lib/gcc/arm-none-eabi/13.3.1/../../../../arm-none-eabi/lib/thumb/v7e-m+dp/hard\libc_nano.a(libc_a-signalr.o)
                0x0800d5c8                _getpid_r
 .text.__swhatbuf_r
                0x0800d5cc       0x4c D:/STM32CubeIDE_1.16.0/STM32CubeIDE/plugins/com.st.stm32cube.ide.mcu.externaltools.gnu-tools-for-stm32.13.3.rel1.win32_1.0.0.202411081344/tools/bin/../lib/gcc/arm-none-eabi/13.3.1/../../../../arm-none-eabi/lib/thumb/v7e-m+dp/hard\libc_nano.a(libc_a-makebuf.o)
                0x0800d5cc                __swhatbuf_r
 .text.__smakebuf_r
                0x0800d618       0x78 D:/STM32CubeIDE_1.16.0/STM32CubeIDE/plugins/com.st.stm32cube.ide.mcu.externaltools.gnu-tools-for-stm32.13.3.rel1.win32_1.0.0.202411081344/tools/bin/../lib/gcc/arm-none-eabi/13.3.1/../../../../arm-none-eabi/lib/thumb/v7e-m+dp/hard\libc_nano.a(libc_a-makebuf.o)
                0x0800d618                __smakebuf_r
 .text._fstat_r
                0x0800d690       0x24 D:/STM32CubeIDE_1.16.0/STM32CubeIDE/plugins/com.st.stm32cube.ide.mcu.externaltools.gnu-tools-for-stm32.13.3.rel1.win32_1.0.0.202411081344/tools/bin/../lib/gcc/arm-none-eabi/13.3.1/../../../../arm-none-eabi/lib/thumb/v7e-m+dp/hard\libc_nano.a(libc_a-fstatr.o)
                0x0800d690                _fstat_r
 .text._isatty_r
                0x0800d6b4       0x20 D:/STM32CubeIDE_1.16.0/STM32CubeIDE/plugins/com.st.stm32cube.ide.mcu.externaltools.gnu-tools-for-stm32.13.3.rel1.win32_1.0.0.202411081344/tools/bin/../lib/gcc/arm-none-eabi/13.3.1/../../../../arm-none-eabi/lib/thumb/v7e-m+dp/hard\libc_nano.a(libc_a-isattyr.o)
                0x0800d6b4                _isatty_r
 *(.glue_7)
 .glue_7        0x0800d6d4        0x0 linker stubs
 *(.glue_7t)
 .glue_7t       0x0800d6d4        0x0 linker stubs
 *(.eh_frame)
 .eh_frame      0x0800d6d4        0x0 D:/STM32CubeIDE_1.16.0/STM32CubeIDE/plugins/com.st.stm32cube.ide.mcu.externaltools.gnu-tools-for-stm32.13.3.rel1.win32_1.0.0.202411081344/tools/bin/../lib/gcc/arm-none-eabi/13.3.1/thumb/v7e-m+dp/hard/crtbegin.o
 *(.init)
 .init          0x0800d6d4        0x4 D:/STM32CubeIDE_1.16.0/STM32CubeIDE/plugins/com.st.stm32cube.ide.mcu.externaltools.gnu-tools-for-stm32.13.3.rel1.win32_1.0.0.202411081344/tools/bin/../lib/gcc/arm-none-eabi/13.3.1/thumb/v7e-m+dp/hard/crti.o
                0x0800d6d4                _init
 .init          0x0800d6d8        0x8 D:/STM32CubeIDE_1.16.0/STM32CubeIDE/plugins/com.st.stm32cube.ide.mcu.externaltools.gnu-tools-for-stm32.13.3.rel1.win32_1.0.0.202411081344/tools/bin/../lib/gcc/arm-none-eabi/13.3.1/thumb/v7e-m+dp/hard/crtn.o
 *(.fini)
 .fini          0x0800d6e0        0x4 D:/STM32CubeIDE_1.16.0/STM32CubeIDE/plugins/com.st.stm32cube.ide.mcu.externaltools.gnu-tools-for-stm32.13.3.rel1.win32_1.0.0.202411081344/tools/bin/../lib/gcc/arm-none-eabi/13.3.1/thumb/v7e-m+dp/hard/crti.o
                0x0800d6e0                _fini
 .fini          0x0800d6e4        0x8 D:/STM32CubeIDE_1.16.0/STM32CubeIDE/plugins/com.st.stm32cube.ide.mcu.externaltools.gnu-tools-for-stm32.13.3.rel1.win32_1.0.0.202411081344/tools/bin/../lib/gcc/arm-none-eabi/13.3.1/thumb/v7e-m+dp/hard/crtn.o
                0x0800d6ec                        . = ALIGN (0x4)
                0x0800d6ec                        _etext = .

.vfp11_veneer   0x0800d6ec        0x0
 .vfp11_veneer  0x0800d6ec        0x0 linker stubs

.v4_bx          0x0800d6ec        0x0
 .v4_bx         0x0800d6ec        0x0 linker stubs

.iplt           0x0800d6ec        0x0
 .iplt          0x0800d6ec        0x0 D:/STM32CubeIDE_1.16.0/STM32CubeIDE/plugins/com.st.stm32cube.ide.mcu.externaltools.gnu-tools-for-stm32.13.3.rel1.win32_1.0.0.202411081344/tools/bin/../lib/gcc/arm-none-eabi/13.3.1/thumb/v7e-m+dp/hard/crtbegin.o

.rodata         0x0800d6f0      0x5b4
                0x0800d6f0                        . = ALIGN (0x4)
 *(.rodata)
 .rodata        0x0800d6f0       0xed ./Core/Src/M7_Configuartion.o
 *fill*         0x0800d7dd        0x3 
 .rodata        0x0800d7e0       0x35 ./Core/Src/M7_LED.o
 *fill*         0x0800d815        0x3 
 .rodata        0x0800d818       0x31 ./Core/Src/M7_Serial.o
 *fill*         0x0800d849        0x3 
 .rodata        0x0800d84c       0x3a ./Core/Src/M7_Sketch.o
 *fill*         0x0800d886        0x2 
 .rodata        0x0800d888       0x29 ./Core/Src/main.o
 *fill*         0x0800d8b1        0x3 
 .rodata        0x0800d8b4       0x46 ./USB_DEVICE/App/usbd_desc.o
 *(.rodata*)
 *fill*         0x0800d8fa        0x2 
 .rodata.D1CorePrescTable
                0x0800d8fc       0x10 ./Common/Src/system_stm32h7xx_dualcore_boot_cm4_cm7.o
                0x0800d8fc                D1CorePrescTable
 .rodata.M7_PinMap
                0x0800d90c       0x24 ./Core/Src/M7_LED.o
 .rodata._printf_float.str1.1
                0x0800d930      0x171 D:/STM32CubeIDE_1.16.0/STM32CubeIDE/plugins/com.st.stm32cube.ide.mcu.externaltools.gnu-tools-for-stm32.13.3.rel1.win32_1.0.0.202411081344/tools/bin/../lib/gcc/arm-none-eabi/13.3.1/../../../../arm-none-eabi/lib/thumb/v7e-m+dp/hard\libc_nano.a(libc_a-nano-vfprintf_float.o)
                                 0x12 (size before relaxing)
 .rodata._printf_i.str1.1
                0x0800daa1       0x22 D:/STM32CubeIDE_1.16.0/STM32CubeIDE/plugins/com.st.stm32cube.ide.mcu.externaltools.gnu-tools-for-stm32.13.3.rel1.win32_1.0.0.202411081344/tools/bin/../lib/gcc/arm-none-eabi/13.3.1/../../../../arm-none-eabi/lib/thumb/v7e-m+dp/hard\libc_nano.a(libc_a-nano-vfprintf_i.o)
 .rodata._dtoa_r.str1.1
                0x0800daa1       0x8f D:/STM32CubeIDE_1.16.0/STM32CubeIDE/plugins/com.st.stm32cube.ide.mcu.externaltools.gnu-tools-for-stm32.13.3.rel1.win32_1.0.0.202411081344/tools/bin/../lib/gcc/arm-none-eabi/13.3.1/../../../../arm-none-eabi/lib/thumb/v7e-m+dp/hard\libc_nano.a(libc_a-dtoa.o)
 .rodata._Balloc.str1.1
                0x0800daa1       0x70 D:/STM32CubeIDE_1.16.0/STM32CubeIDE/plugins/com.st.stm32cube.ide.mcu.externaltools.gnu-tools-for-stm32.13.3.rel1.win32_1.0.0.202411081344/tools/bin/../lib/gcc/arm-none-eabi/13.3.1/../../../../arm-none-eabi/lib/thumb/v7e-m+dp/hard\libc_nano.a(libc_a-mprec.o)
 .rodata.__multadd.str1.1
                0x0800daa1       0x11 D:/STM32CubeIDE_1.16.0/STM32CubeIDE/plugins/com.st.stm32cube.ide.mcu.externaltools.gnu-tools-for-stm32.13.3.rel1.win32_1.0.0.202411081344/tools/bin/../lib/gcc/arm-none-eabi/13.3.1/../../../../arm-none-eabi/lib/thumb/v7e-m+dp/hard\libc_nano.a(libc_a-mprec.o)
 *fill*         0x0800daa1        0x3 
 .rodata.p05.0  0x0800daa4        0xc D:/STM32CubeIDE_1.16.0/STM32CubeIDE/plugins/com.st.stm32cube.ide.mcu.externaltools.gnu-tools-for-stm32.13.3.rel1.win32_1.0.0.202411081344/tools/bin/../lib/gcc/arm-none-eabi/13.3.1/../../../../arm-none-eabi/lib/thumb/v7e-m+dp/hard\libc_nano.a(libc_a-mprec.o)
 .rodata.__mprec_bigtens
                0x0800dab0       0x28 D:/STM32CubeIDE_1.16.0/STM32CubeIDE/plugins/com.st.stm32cube.ide.mcu.externaltools.gnu-tools-for-stm32.13.3.rel1.win32_1.0.0.202411081344/tools/bin/../lib/gcc/arm-none-eabi/13.3.1/../../../../arm-none-eabi/lib/thumb/v7e-m+dp/hard\libc_nano.a(libc_a-mprec.o)
                0x0800dab0                __mprec_bigtens
 .rodata.__mprec_tens
                0x0800dad8       0xc8 D:/STM32CubeIDE_1.16.0/STM32CubeIDE/plugins/com.st.stm32cube.ide.mcu.externaltools.gnu-tools-for-stm32.13.3.rel1.win32_1.0.0.202411081344/tools/bin/../lib/gcc/arm-none-eabi/13.3.1/../../../../arm-none-eabi/lib/thumb/v7e-m+dp/hard\libc_nano.a(libc_a-mprec.o)
                0x0800dad8                __mprec_tens
 .rodata._svfprintf_r.str1.1
                0x0800dba0       0x11 D:/STM32CubeIDE_1.16.0/STM32CubeIDE/plugins/com.st.stm32cube.ide.mcu.externaltools.gnu-tools-for-stm32.13.3.rel1.win32_1.0.0.202411081344/tools/bin/../lib/gcc/arm-none-eabi/13.3.1/../../../../arm-none-eabi/lib/thumb/v7e-m+dp/hard\libc_nano.a(libc_a-nano-svfprintf.o)
 .rodata._setlocale_r.str1.1
                0x0800dba0        0x9 D:/STM32CubeIDE_1.16.0/STM32CubeIDE/plugins/com.st.stm32cube.ide.mcu.externaltools.gnu-tools-for-stm32.13.3.rel1.win32_1.0.0.202411081344/tools/bin/../lib/gcc/arm-none-eabi/13.3.1/../../../../arm-none-eabi/lib/thumb/v7e-m+dp/hard\libc_nano.a(libc_a-locale.o)
 .rodata.str1.1
                0x0800dba0        0x2 D:/STM32CubeIDE_1.16.0/STM32CubeIDE/plugins/com.st.stm32cube.ide.mcu.externaltools.gnu-tools-for-stm32.13.3.rel1.win32_1.0.0.202411081344/tools/bin/../lib/gcc/arm-none-eabi/13.3.1/../../../../arm-none-eabi/lib/thumb/v7e-m+dp/hard\libc_nano.a(libc_a-locale.o)
 .rodata.__assert_func.str1.1
                0x0800dba0       0x3d D:/STM32CubeIDE_1.16.0/STM32CubeIDE/plugins/com.st.stm32cube.ide.mcu.externaltools.gnu-tools-for-stm32.13.3.rel1.win32_1.0.0.202411081344/tools/bin/../lib/gcc/arm-none-eabi/13.3.1/../../../../arm-none-eabi/lib/thumb/v7e-m+dp/hard\libc_nano.a(libc_a-assert.o)
 .rodata._ctype_
                0x0800dba0      0x101 D:/STM32CubeIDE_1.16.0/STM32CubeIDE/plugins/com.st.stm32cube.ide.mcu.externaltools.gnu-tools-for-stm32.13.3.rel1.win32_1.0.0.202411081344/tools/bin/../lib/gcc/arm-none-eabi/13.3.1/../../../../arm-none-eabi/lib/thumb/v7e-m+dp/hard\libc_nano.a(libc_a-ctype_.o)
                0x0800dba0                _ctype_
 .rodata._vfprintf_r.str1.1
                0x0800dca1       0x11 D:/STM32CubeIDE_1.16.0/STM32CubeIDE/plugins/com.st.stm32cube.ide.mcu.externaltools.gnu-tools-for-stm32.13.3.rel1.win32_1.0.0.202411081344/tools/bin/../lib/gcc/arm-none-eabi/13.3.1/../../../../arm-none-eabi/lib/thumb/v7e-m+dp/hard\libc_nano.a(libc_a-nano-vfprintf.o)
                0x0800dcb4                        . = ALIGN (0x4)
 *fill*         0x0800dca1        0x3 

.ARM.extab      0x0800dca4        0x0
                0x0800dca4                        . = ALIGN (0x4)
 *(.ARM.extab* .gnu.linkonce.armextab.*)
                0x0800dca4                        . = ALIGN (0x4)

.ARM            0x0800dca4        0x8
                0x0800dca4                        . = ALIGN (0x4)
                0x0800dca4                        __exidx_start = .
 *(.ARM.exidx*)
 .ARM.exidx     0x0800dca4        0x8 D:/STM32CubeIDE_1.16.0/STM32CubeIDE/plugins/com.st.stm32cube.ide.mcu.externaltools.gnu-tools-for-stm32.13.3.rel1.win32_1.0.0.202411081344/tools/bin/../lib/gcc/arm-none-eabi/13.3.1/../../../../arm-none-eabi/lib/thumb/v7e-m+dp/hard\libc_nano.a(libc_a-strcmp.o)
 .ARM.exidx     0x0800dcac        0x0 D:/STM32CubeIDE_1.16.0/STM32CubeIDE/plugins/com.st.stm32cube.ide.mcu.externaltools.gnu-tools-for-stm32.13.3.rel1.win32_1.0.0.202411081344/tools/bin/../lib/gcc/arm-none-eabi/13.3.1/../../../../arm-none-eabi/lib/thumb/v7e-m+dp/hard\libc_nano.a(libc_a-memchr.o)
                                  0x8 (size before relaxing)